// Vitest Snapshot v1, https://vitest.dev/guide/snapshot.html

exports[`validate check > 1699353977-boojum > should match snapshot 1`] = `
"- Reading proposed upgrade......
✔ Reading proposed upgrade...
- Gathering contract data...
✔ Gathering contract data
- Checking differences between versions...
✔ Checking differences between versions
- Compiling system contracts...
✔ Compiling system contracts
- Generating report...
✔ Generating report
Upgrade report:
===============

[90m┌───────────────────────────[39m[90m┬────────┐[39m
[90m│[39m[31m Metadata                  [39m[90m│[39m[31m        [39m[90m│[39m
[90m├───────────────────────────[39m[90m┼────────┤[39m
[90m│[39m Current protocol version  [90m│[39m 0.24.1 [90m│[39m
[90m│[39m Proposed protocol version [90m│[39m 18     [90m│[39m
[90m└───────────────────────────[39m[90m┴────────┘[39m
L1 Main contract Diamond upgrades:
[90m┌──────────────────────────────────────[39m[90m┬─────────────────────────────────────────────────────────────────┐[39m
[90m│[39m[31m AdminFacet                           [39m[90m│[39m[31m                                                                 [39m[90m│[39m
[90m├──────────────────────────────────────[39m[90m┼─────────────────────────────────────────────────────────────────┤[39m
[90m│[39m Current address                      [90m│[39m 0xF6F26b416CE7AE5e5FE224Be332C7aE4e1f3450a                      [90m│[39m
[90m│[39m Upgrade address                      [90m│[39m 0x409560DE546e057ce5bD5dB487EdF2bB5E785baB                      [90m│[39m
[90m│[39m Proposed contract verified etherscan [90m│[39m Yes                                                             [90m│[39m
[90m│[39m New functions                        [90m│[39m acceptGovernor()                                                [90m│[39m
[90m│[39m                                      [90m│[39m setPendingGovernor(address _newPendingGovernor)                 [90m│[39m
[90m│[39m Removed functions                    [90m│[39m None                                                            [90m│[39m
[90m│[39m To compare code                      [90m│[39m pnpm validate facet-diff reference/1699353977-boojum AdminFacet [90m│[39m
[90m└──────────────────────────────────────[39m[90m┴─────────────────────────────────────────────────────────────────┘[39m
[90m┌──────────────────────────────────────[39m[90m┬────────────────────────────────────────────────────────────────────┐[39m
[90m│[39m[31m ExecutorFacet                        [39m[90m│[39m[31m                                                                    [39m[90m│[39m
[90m├──────────────────────────────────────[39m[90m┼────────────────────────────────────────────────────────────────────┤[39m
[90m│[39m Current address                      [90m│[39m 0xaD193aDe635576d8e9f7ada71Af2137b16c64075                         [90m│[39m
[90m│[39m Upgrade address                      [90m│[39m 0x9e3Fa34a10619fEDd7aE40A3fb86FA515fcfd269                         [90m│[39m
[90m│[39m Proposed contract verified etherscan [90m│[39m Yes                                                                [90m│[39m
[90m│[39m New functions                        [90m│[39m None                                                               [90m│[39m
[90m│[39m Removed functions                    [90m│[39m None                                                               [90m│[39m
[90m│[39m To compare code                      [90m│[39m pnpm validate facet-diff reference/1699353977-boojum ExecutorFacet [90m│[39m
[90m└──────────────────────────────────────[39m[90m┴────────────────────────────────────────────────────────────────────┘[39m
[90m┌──────────────────────────────────────[39m[90m┬───────────────────────────────────────────────────────────────────┐[39m
[90m│[39m[31m GettersFacet                         [39m[90m│[39m[31m                                                                   [39m[90m│[39m
[90m├──────────────────────────────────────[39m[90m┼───────────────────────────────────────────────────────────────────┤[39m
[90m│[39m Current address                      [90m│[39m 0xE60E94fCCb18a81D501a38959E532C0A85A1be89                        [90m│[39m
[90m│[39m Upgrade address                      [90m│[39m 0xF3ACF6a03ea4a914B78Ec788624B25ceC37c14A4                        [90m│[39m
[90m│[39m Proposed contract verified etherscan [90m│[39m Yes                                                               [90m│[39m
[90m│[39m New functions                        [90m│[39m getAllowList()                                                    [90m│[39m
[90m│[39m                                      [90m│[39m getGovernor()                                                     [90m│[39m
[90m│[39m                                      [90m│[39m getPendingGovernor()                                              [90m│[39m
[90m│[39m Removed functions                    [90m│[39m None                                                              [90m│[39m
[90m│[39m To compare code                      [90m│[39m pnpm validate facet-diff reference/1699353977-boojum GettersFacet [90m│[39m
[90m└──────────────────────────────────────[39m[90m┴───────────────────────────────────────────────────────────────────┘[39m
[90m┌──────────────────────────────────────[39m[90m┬───────────────────────────────────────────────────────────────────┐[39m
[90m│[39m[31m MailboxFacet                         [39m[90m│[39m[31m                                                                   [39m[90m│[39m
[90m├──────────────────────────────────────[39m[90m┼───────────────────────────────────────────────────────────────────┤[39m
[90m│[39m Current address                      [90m│[39m 0xCDB6228b616EEf8Df47D69A372C4f725C43e718C                        [90m│[39m
[90m│[39m Upgrade address                      [90m│[39m 0x63b5EC36B09384fFA7106A80Ec7cfdFCa521fD08                        [90m│[39m
[90m│[39m Proposed contract verified etherscan [90m│[39m Yes                                                               [90m│[39m
[90m│[39m New functions                        [90m│[39m None                                                              [90m│[39m
[90m│[39m Removed functions                    [90m│[39m None                                                              [90m│[39m
[90m│[39m To compare code                      [90m│[39m pnpm validate facet-diff reference/1699353977-boojum MailboxFacet [90m│[39m
[90m└──────────────────────────────────────[39m[90m┴───────────────────────────────────────────────────────────────────┘[39m

Verifier:
[90m┌────────────────────────────────[39m[90m┬────────────────────────────────────────────────────────────────────[39m[90m┬────────────────────────────────────────────────────────────────────┐[39m
[90m│[39m[31m Attribute                      [39m[90m│[39m[31m Current value                                                      [39m[90m│[39m[31m Upgrade value                                                      [39m[90m│[39m
[90m├────────────────────────────────[39m[90m┼────────────────────────────────────────────────────────────────────[39m[90m┼────────────────────────────────────────────────────────────────────┤[39m
[90m│[39m Address                        [90m│[39m 0x70F3FBf8a427155185Ec90BED8a3434203de9604                         [90m│[39m 0xB465882F67d236DcC0D090F78ebb0d838e9719D8                         [90m│[39m
[90m│[39m Recursion node level VkHash    [90m│[39m 0xf520cd5b37e74e19fdb369c8d676a04dce8a19457497ac6686d2bb95d94109c8 [90m│[39m 0x5a3ef282b21e12fe1f4438e5bb158fc5060b160559c5158c6389d62d9fe3d080 [90m│[39m
[90m│[39m Recursion circuits set VksHash [90m│[39m 0x0000000000000000000000000000000000000000000000000000000000000000 [90m│[39m No changes                                                         [90m│[39m
[90m│[39m Recursion leaf level VkHash    [90m│[39m 0xf9664f4324c1400fa5c3822d667f30e873f53f1b8033180cd15fe41c1e2355c6 [90m│[39m 0x14628525c227822148e718ca1138acfc6d25e759e19452455d89f7f610c3dcb8 [90m│[39m
[90m│[39m                                                                                                                                                                          [90m│[39m
[90m│[39m Show contract diff             [90m│[39m pnpm validate verifier-diff reference/1699353977-boojum                                                                                 [90m│[39m
[90m└────────────────────────────────[39m[90m┴─────────────────────────────────────────────────────────────────────────────────────────────────────────────────────────────────────────┘[39m

System contracts:
[90m┌─────────────────────[39m[90m┬────────────────────────────────────────────[39m[90m┬──────────────────────────────────────────────────────────────────────────────┐[39m
[90m│[39m[31m Name                [39m[90m│[39m[31m Address                                    [39m[90m│[39m[31m bytecode hashes                                                              [39m[90m│[39m
[90m├─────────────────────[39m[90m┼────────────────────────────────────────────[39m[90m┼──────────────────────────────────────────────────────────────────────────────┤[39m
[90m│[39m                     [90m│[39m                                            [90m│[39m Current: 0x0100000781e55a60f3f14fd7dd67e3c8caab896b7b0fca4a662583959299eede  [90m│[39m
[90m│[39m EmptyContract       [90m│[39m 0x0000000000000000000000000000000000000000 [90m├──────────────────────────────────────────────────────────────────────────────┤[39m
[90m│[39m                     [90m│[39m                                            [90m│[39m Proposed: 0x01000007271e9710c356751295d83a25ffec94be2b4ada01ec1fa04c7cd6f2c7 [90m│[39m
[90m├─────────────────────[39m[90m┼────────────────────────────────────────────[39m[90m┼──────────────────────────────────────────────────────────────────────────────┤[39m
[90m│[39m                     [90m│[39m                                            [90m│[39m Current: 0x0100001112e34172b2bc31574d155893a087a1cf4b608cf9895a2201ea7bd6ee  [90m│[39m
[90m│[39m Ecrecover           [90m│[39m 0x0000000000000000000000000000000000000001 [90m├──────────────────────────────────────────────────────────────────────────────┤[39m
[90m│[39m                     [90m│[39m                                            [90m│[39m Proposed: 0x010000114daca2ff44f27d543b8ef67d885bfed09a74ba9cb25f5912dd3d739c [90m│[39m
[90m├─────────────────────[39m[90m┼────────────────────────────────────────────[39m[90m┼──────────────────────────────────────────────────────────────────────────────┤[39m
[90m│[39m                     [90m│[39m                                            [90m│[39m Current: 0x0100001752dc8a1a374a6346781205017b7b594d97c28812265865f3a45fcb45  [90m│[39m
[90m│[39m SHA256              [90m│[39m 0x0000000000000000000000000000000000000002 [90m├──────────────────────────────────────────────────────────────────────────────┤[39m
[90m│[39m                     [90m│[39m                                            [90m│[39m Proposed: 0x010000178d93b2d7d6448866009892223caf018a8e8dbcf090c2b9053a285f8d [90m│[39m
[90m├─────────────────────[39m[90m┼────────────────────────────────────────────[39m[90m┼──────────────────────────────────────────────────────────────────────────────┤[39m
[90m│[39m                     [90m│[39m                                            [90m│[39m Current: 0x010000872dd7e2dc1b34416c174086aa84fd80c78acc7b670214da955bd55728  [90m│[39m
[90m│[39m EcAdd               [90m│[39m 0x0000000000000000000000000000000000000006 [90m├──────────────────────────────────────────────────────────────────────────────┤[39m
[90m│[39m                     [90m│[39m                                            [90m│[39m Proposed: 0x010000c5a85a372f441ac693210a18e683b530bed875fdcab2f7e101b057d433 [90m│[39m
[90m├─────────────────────[39m[90m┼────────────────────────────────────────────[39m[90m┼──────────────────────────────────────────────────────────────────────────────┤[39m
[90m│[39m                     [90m│[39m                                            [90m│[39m Current: 0x010000bd8bd7ab008f76e359dc296ff5fe0e8a95fedce1d570943e90143acdfd  [90m│[39m
[90m│[39m EcMul               [90m│[39m 0x0000000000000000000000000000000000000007 [90m├──────────────────────────────────────────────────────────────────────────────┤[39m
[90m│[39m                     [90m│[39m                                            [90m│[39m Proposed: 0x0100013759b40792c2c3d033990e992e5508263c15252eb2d9bfbba571350675 [90m│[39m
[90m├─────────────────────[39m[90m┼────────────────────────────────────────────[39m[90m┼──────────────────────────────────────────────────────────────────────────────┤[39m
[90m│[39m                     [90m│[39m                                            [90m│[39m Current: 0x0100000781e55a60f3f14fd7dd67e3c8caab896b7b0fca4a662583959299eede  [90m│[39m
[90m│[39m EmptyContract       [90m│[39m 0x0000000000000000000000000000000000008001 [90m├──────────────────────────────────────────────────────────────────────────────┤[39m
[90m│[39m                     [90m│[39m                                            [90m│[39m Proposed: 0x01000007271e9710c356751295d83a25ffec94be2b4ada01ec1fa04c7cd6f2c7 [90m│[39m
[90m├─────────────────────[39m[90m┼────────────────────────────────────────────[39m[90m┼──────────────────────────────────────────────────────────────────────────────┤[39m
[90m│[39m                     [90m│[39m                                            [90m│[39m Current: 0x0100007549287362e4263ea5b204f01fc3c7f2ac09d71e6eb21029698220f01a  [90m│[39m
[90m│[39m AccountCodeStorage  [90m│[39m 0x0000000000000000000000000000000000008002 [90m├──────────────────────────────────────────────────────────────────────────────┤[39m
[90m│[39m                     [90m│[39m                                            [90m│[39m Proposed: 0x0100009bc0511159b5ec703d0c56f87615964017739def4ab1ee606b8ec6458c [90m│[39m
[90m├─────────────────────[39m[90m┼────────────────────────────────────────────[39m[90m┼──────────────────────────────────────────────────────────────────────────────┤[39m
[90m│[39m                     [90m│[39m                                            [90m│[39m Current: 0x010000e563d4ad7b4822cc19d8f74f2c41ee3d3153379be4b02b27d4498d52b6  [90m│[39m
[90m│[39m NonceHolder         [90m│[39m 0x0000000000000000000000000000000000008003 [90m├──────────────────────────────────────────────────────────────────────────────┤[39m
[90m│[39m                     [90m│[39m                                            [90m│[39m Proposed: 0x0100012fa73fa922dd9fabb40d3275ce80396eff6ccf1b452c928c17d98bd470 [90m│[39m
[90m├─────────────────────[39m[90m┼────────────────────────────────────────────[39m[90m┼──────────────────────────────────────────────────────────────────────────────┤[39m
[90m│[39m                     [90m│[39m                                            [90m│[39m Current: 0x0100007d82d4a2eb62e539e3c89cc641f507132b247022ba05ef1ddfed2b0073  [90m│[39m
[90m│[39m KnownCodesStorage   [90m│[39m 0x0000000000000000000000000000000000008004 [90m├──────────────────────────────────────────────────────────────────────────────┤[39m
[90m│[39m                     [90m│[39m                                            [90m│[39m Proposed: 0x0100008b0ca6c6f277035366e99407fbb4b01e743e80b7d24dea5a3d647b423e [90m│[39m
[90m├─────────────────────[39m[90m┼────────────────────────────────────────────[39m[90m┼──────────────────────────────────────────────────────────────────────────────┤[39m
[90m│[39m                     [90m│[39m                                            [90m│[39m Current: 0x0100003de00c5ceaa3fdf4566a9822ce94abe676f68b17a6ae11c453e14455fd  [90m│[39m
[90m│[39m ImmutableSimulator  [90m│[39m 0x0000000000000000000000000000000000008005 [90m├──────────────────────────────────────────────────────────────────────────────┤[39m
[90m│[39m                     [90m│[39m                                            [90m│[39m Proposed: 0x01000047a3c40e3f4eb98f14967f141452ae602d8723a10975dc33960911d8c5 [90m│[39m
[90m├─────────────────────[39m[90m┼────────────────────────────────────────────[39m[90m┼──────────────────────────────────────────────────────────────────────────────┤[39m
[90m│[39m                     [90m│[39m                                            [90m│[39m Current: 0x010005215fda00bfbf95847a13078bd16cdcb1b875534261c1dda9940c7754fe  [90m│[39m
[90m│[39m ContractDeployer    [90m│[39m 0x0000000000000000000000000000000000008006 [90m├──────────────────────────────────────────────────────────────────────────────┤[39m
[90m│[39m                     [90m│[39m                                            [90m│[39m Proposed: 0x010006091341955c8f76409de00549fb00b275166b5a0d0d7b82cbd629bb4212 [90m│[39m
[90m├─────────────────────[39m[90m┼────────────────────────────────────────────[39m[90m┼──────────────────────────────────────────────────────────────────────────────┤[39m
[90m│[39m                     [90m│[39m                                            [90m│[39m Current: 0x010002b97ebf3c481ead775617590ffca139bee428e443aa49eb38b6a5b83657  [90m│[39m
[90m│[39m L1Messenger         [90m│[39m 0x0000000000000000000000000000000000008008 [90m├──────────────────────────────────────────────────────────────────────────────┤[39m
[90m│[39m                     [90m│[39m                                            [90m│[39m Proposed: 0x01000301c943edb65f5a0b8cdd806218b8ecf25c022720fe3afe6951f202f3fa [90m│[39m
[90m├─────────────────────[39m[90m┼────────────────────────────────────────────[39m[90m┼──────────────────────────────────────────────────────────────────────────────┤[39m
[90m│[39m                     [90m│[39m                                            [90m│[39m Current: 0x010000695a1e821b6d5fcb25e25793b81de0bdca3ff8277e3ac93a38e729e0a1  [90m│[39m
[90m│[39m MsgValueSimulator   [90m│[39m 0x0000000000000000000000000000000000008009 [90m├──────────────────────────────────────────────────────────────────────────────┤[39m
[90m│[39m                     [90m│[39m                                            [90m│[39m Proposed: 0x0100006fa1591d93fcc4a25e9340ad11d0e825904cd1842b8f7255701e1aacbb [90m│[39m
[90m├─────────────────────[39m[90m┼────────────────────────────────────────────[39m[90m┼──────────────────────────────────────────────────────────────────────────────┤[39m
[90m│[39m                     [90m│[39m                                            [90m│[39m Current: 0x010001039329e4bb55b24531c7e7d27ed40d2c82ad145033fdd5ed5b8ea86cf3  [90m│[39m
[90m│[39m L2EthToken          [90m│[39m 0x000000000000000000000000000000000000800a [90m├──────────────────────────────────────────────────────────────────────────────┤[39m
[90m│[39m                     [90m│[39m                                            [90m│[39m Proposed: 0x01000139b506af2b02225838c5a33e30ace701b44b210a422eedab7dd31c28a3 [90m│[39m
[90m├─────────────────────[39m[90m┼────────────────────────────────────────────[39m[90m┼──────────────────────────────────────────────────────────────────────────────┤[39m
[90m│[39m                     [90m│[39m                                            [90m│[39m Current: 0x010001b3f2c3a6bdd5ad00ae29a7cbbb32dca3c31fb608b5cd52f8f3056a3847  [90m│[39m
[90m│[39m SystemContext       [90m│[39m 0x000000000000000000000000000000000000800b [90m├──────────────────────────────────────────────────────────────────────────────┤[39m
[90m│[39m                     [90m│[39m                                            [90m│[39m Proposed: 0x0100023ba65021e4689dd1755f82108214a1f25150d439fe58c55cdb1f376436 [90m│[39m
[90m├─────────────────────[39m[90m┼────────────────────────────────────────────[39m[90m┼──────────────────────────────────────────────────────────────────────────────┤[39m
[90m│[39m                     [90m│[39m                                            [90m│[39m Current: 0x010007d1e53f2dca05f7e27ae5b7062291ed3a1470ca511140b8e786aae7eb77  [90m│[39m
[90m│[39m BootloaderUtilities [90m│[39m 0x000000000000000000000000000000000000800c [90m├──────────────────────────────────────────────────────────────────────────────┤[39m
[90m│[39m                     [90m│[39m                                            [90m│[39m Proposed: 0x010009759cab4fa9e6ca0784746e1df600ff523f0f90c1e94191755cab4b2ed0 [90m│[39m
[90m├─────────────────────[39m[90m┼────────────────────────────────────────────[39m[90m┼──────────────────────────────────────────────────────────────────────────────┤[39m
[90m│[39m                     [90m│[39m                                            [90m│[39m Current: 0x010000159a3a08da3ac57cdefec0e9e30da60456bc5643134cf16d6957bcf1ac  [90m│[39m
[90m│[39m EventWriter         [90m│[39m 0x000000000000000000000000000000000000800d [90m├──────────────────────────────────────────────────────────────────────────────┤[39m
[90m│[39m                     [90m│[39m                                            [90m│[39m Proposed: 0x01000019642d87621fdd82cf65aa9146486c9256d5f8849af9a37c78ef519339 [90m│[39m
[90m├─────────────────────[39m[90m┼────────────────────────────────────────────[39m[90m┼──────────────────────────────────────────────────────────────────────────────┤[39m
[90m│[39m                     [90m│[39m                                            [90m│[39m Current: 0x01000179842b5aa1c76036f5b90652fe614dacb28438a89649d6ca48131bd402  [90m│[39m
[90m│[39m Compressor          [90m│[39m 0x000000000000000000000000000000000000800e [90m├──────────────────────────────────────────────────────────────────────────────┤[39m
[90m│[39m                     [90m│[39m                                            [90m│[39m Proposed: 0x010001b72874590239af612f65d50a35975299f88de022493fe7f0a190e79496 [90m│[39m
[90m├─────────────────────[39m[90m┼────────────────────────────────────────────[39m[90m┼──────────────────────────────────────────────────────────────────────────────┤[39m
[90m│[39m                     [90m│[39m                                            [90m│[39m Current: 0x01000055c1f27b8316ba61bf07959b11cf3b2a418aa357ccc5531c0914a2da27  [90m│[39m
[90m│[39m ComplexUpgrader     [90m│[39m 0x000000000000000000000000000000000000800f [90m├──────────────────────────────────────────────────────────────────────────────┤[39m
[90m│[39m                     [90m│[39m                                            [90m│[39m Proposed: 0x0100005bfc0443349233459892b51e9f67e27ac828d44d9c7cba8c8285fd66bc [90m│[39m
[90m├─────────────────────[39m[90m┼────────────────────────────────────────────[39m[90m┼──────────────────────────────────────────────────────────────────────────────┤[39m
[90m│[39m                     [90m│[39m                                            [90m│[39m Current: 0x0100000f248e111a1b587fef850dc4585c39af2dd505bc8a0d5cc6d3fcc7ed3c  [90m│[39m
[90m│[39m Keccak256           [90m│[39m 0x0000000000000000000000000000000000008010 [90m├──────────────────────────────────────────────────────────────────────────────┤[39m
[90m│[39m                     [90m│[39m                                            [90m│[39m Proposed: 0x0100001fb52ca33668d01c230a1c3b13ede90fe2e37d77222410e9f183cb7a89 [90m│[39m
[90m└─────────────────────[39m[90m┴────────────────────────────────────────────[39m[90m┴──────────────────────────────────────────────────────────────────────────────┘[39m

Other contracts:
[90m┌─────────────────[39m[90m┬────────────────────────────────────────────────────────────────────[39m[90m┬────────────────────────────────────────────────────────────────────[39m[90m┬────────────────────────────────────────────┐[39m
[90m│[39m[31m Name            [39m[90m│[39m[31m Current Bytecode hash                                              [39m[90m│[39m[31m Proposed Bytecode Hash                                             [39m[90m│[39m[31m BytecodeHash matches with locally compiled [39m[90m│[39m
[90m├─────────────────[39m[90m┼────────────────────────────────────────────────────────────────────[39m[90m┼────────────────────────────────────────────────────────────────────[39m[90m┼────────────────────────────────────────────┤[39m
[90m│[39m Default Account [90m│[39m 0x01000563374c277a2c1e34659a2a1e87371bb6d852ce142022d497bfb50b9e32 [90m│[39m 0x01000651c5ae96f2aab07d720439e42491bb44c6384015e3a08e32620a4d582d [90m│[39m Yes                                        [90m│[39m
[90m│[39m Bootloader      [90m│[39m 0x010008e742608b21bf7eb23c1a9d0602047e3618b464c9b59c0fba3b3d7ab66e [90m│[39m 0x01000983d4ac4f797cf5c077e022f72284969b13248c2a8e9846f574bdeb5b88 [90m│[39m Yes                                        [90m│[39m
[90m└─────────────────[39m[90m┴────────────────────────────────────────────────────────────────────[39m[90m┴────────────────────────────────────────────────────────────────────[39m[90m┴────────────────────────────────────────────┘[39m
"
`;
