// Vitest Snapshot v1, https://vitest.dev/guide/snapshot.html

exports[`validate check > 1699353977-boojum > should match snapshot 1`] = `
"- Gathering contract data: OK
Upgrade report:
===============

[90m┌───────────────────────────[39m[90m┬────┐[39m
[90m│[39m[31m Metadata                  [39m[90m│[39m[31m    [39m[90m│[39m
[90m├───────────────────────────[39m[90m┼────┤[39m
[90m│[39m Current protocol version  [90m│[39m 22 [90m│[39m
[90m│[39m Proposed protocol version [90m│[39m 18 [90m│[39m
[90m└───────────────────────────[39m[90m┴────┘[39m
L1 Main contract Diamond upgrades:
[90m┌──────────────────────────────────────[39m[90m┬─────────────────────────────────────────────────────────────────┐[39m
[90m│[39m[31m AdminFacet                           [39m[90m│[39m[31m                                                                 [39m[90m│[39m
[90m├──────────────────────────────────────[39m[90m┼─────────────────────────────────────────────────────────────────┤[39m
[90m│[39m Current address                      [90m│[39m 0x230214F0224C7E0485f348a79512ad00514DB1F7                      [90m│[39m
[90m│[39m Upgrade address                      [90m│[39m 0x409560DE546e057ce5bD5dB487EdF2bB5E785baB                      [90m│[39m
[90m│[39m Proposed contract verified etherscan [90m│[39m Yes                                                             [90m│[39m
[90m│[39m New functions                        [90m│[39m None                                                            [90m│[39m
[90m│[39m Removed functions                    [90m│[39m None                                                            [90m│[39m
[90m│[39m To compare code                      [90m│[39m pnpm validate facet-diff reference/1699353977-boojum AdminFacet [90m│[39m
[90m└──────────────────────────────────────[39m[90m┴─────────────────────────────────────────────────────────────────┘[39m
[90m┌──────────────────────────────────────[39m[90m┬────────────────────────────────────────────────────────────────────┐[39m
[90m│[39m[31m ExecutorFacet                        [39m[90m│[39m[31m                                                                    [39m[90m│[39m
[90m├──────────────────────────────────────[39m[90m┼────────────────────────────────────────────────────────────────────┤[39m
[90m│[39m Current address                      [90m│[39m 0xfd3779e6214eBBd40f5F5890351298e123A46BA6                         [90m│[39m
[90m│[39m Upgrade address                      [90m│[39m 0x9e3Fa34a10619fEDd7aE40A3fb86FA515fcfd269                         [90m│[39m
[90m│[39m Proposed contract verified etherscan [90m│[39m Yes                                                                [90m│[39m
[90m│[39m New functions                        [90m│[39m None                                                               [90m│[39m
[90m│[39m Removed functions                    [90m│[39m None                                                               [90m│[39m
[90m│[39m To compare code                      [90m│[39m pnpm validate facet-diff reference/1699353977-boojum ExecutorFacet [90m│[39m
[90m└──────────────────────────────────────[39m[90m┴────────────────────────────────────────────────────────────────────┘[39m
[90m┌──────────────────────────────────────[39m[90m┬───────────────────────────────────────────────────────────────────┐[39m
[90m│[39m[31m GettersFacet                         [39m[90m│[39m[31m                                                                   [39m[90m│[39m
[90m├──────────────────────────────────────[39m[90m┼───────────────────────────────────────────────────────────────────┤[39m
[90m│[39m Current address                      [90m│[39m 0x10113bB3a8e64f8eD67003126adC8CE74C34610c                        [90m│[39m
[90m│[39m Upgrade address                      [90m│[39m 0xF3ACF6a03ea4a914B78Ec788624B25ceC37c14A4                        [90m│[39m
[90m│[39m Proposed contract verified etherscan [90m│[39m Yes                                                               [90m│[39m
[90m│[39m New functions                        [90m│[39m getAllowList()                                                    [90m│[39m
[90m│[39m Removed functions                    [90m│[39m None                                                              [90m│[39m
[90m│[39m To compare code                      [90m│[39m pnpm validate facet-diff reference/1699353977-boojum GettersFacet [90m│[39m
[90m└──────────────────────────────────────[39m[90m┴───────────────────────────────────────────────────────────────────┘[39m
[90m┌──────────────────────────────────────[39m[90m┬───────────────────────────────────────────────────────────────────┐[39m
[90m│[39m[31m MailboxFacet                         [39m[90m│[39m[31m                                                                   [39m[90m│[39m
[90m├──────────────────────────────────────[39m[90m┼───────────────────────────────────────────────────────────────────┤[39m
[90m│[39m Current address                      [90m│[39m 0xA57F9FFD65fC0F5792B5e958dF42399a114EC7e7                        [90m│[39m
[90m│[39m Upgrade address                      [90m│[39m 0x63b5EC36B09384fFA7106A80Ec7cfdFCa521fD08                        [90m│[39m
[90m│[39m Proposed contract verified etherscan [90m│[39m Yes                                                               [90m│[39m
[90m│[39m New functions                        [90m│[39m None                                                              [90m│[39m
[90m│[39m Removed functions                    [90m│[39m None                                                              [90m│[39m
[90m│[39m To compare code                      [90m│[39m pnpm validate facet-diff reference/1699353977-boojum MailboxFacet [90m│[39m
[90m└──────────────────────────────────────[39m[90m┴───────────────────────────────────────────────────────────────────┘[39m

Verifier:
[90m┌────────────────────────────────[39m[90m┬────────────────────────────────────────────────────────────────────[39m[90m┬────────────────────────────────────────────────────────────────────┐[39m
[90m│[39m[31m Attribute                      [39m[90m│[39m[31m Current value                                                      [39m[90m│[39m[31m Upgrade value                                                      [39m[90m│[39m
[90m├────────────────────────────────[39m[90m┼────────────────────────────────────────────────────────────────────[39m[90m┼────────────────────────────────────────────────────────────────────┤[39m
[90m│[39m Address                        [90m│[39m 0xdd9C826196cf3510B040A8784D85aE36674c7Ed2                         [90m│[39m 0xB465882F67d236DcC0D090F78ebb0d838e9719D8                         [90m│[39m
[90m│[39m Recursion node level VkHash    [90m│[39m 0x5a3ef282b21e12fe1f4438e5bb158fc5060b160559c5158c6389d62d9fe3d080 [90m│[39m No changes                                                         [90m│[39m
[90m│[39m Recursion circuits set VksHash [90m│[39m 0x0000000000000000000000000000000000000000000000000000000000000000 [90m│[39m No changes                                                         [90m│[39m
[90m│[39m Recursion leaf level VkHash    [90m│[39m 0x400a4b532c6f072c00d1806ef299300d4c104f4ac55bd8698ade78894fcadc0a [90m│[39m 0x14628525c227822148e718ca1138acfc6d25e759e19452455d89f7f610c3dcb8 [90m│[39m
[90m│[39m                                                                                                                                                                          [90m│[39m
[90m│[39m Show contract diff             [90m│[39m pnpm validate verifier-diff reference/1699353977-boojum                                                                                 [90m│[39m
[90m└────────────────────────────────[39m[90m┴─────────────────────────────────────────────────────────────────────────────────────────────────────────────────────────────────────────┘[39m

System contracts:
[90m┌─────────────────────[39m[90m┬────────────────────────────────────────────[39m[90m┬──────────────────────────────────────────────────────────────────────────────┐[39m
[90m│[39m[31m Name                [39m[90m│[39m[31m Address                                    [39m[90m│[39m[31m bytecode hashes                                                              [39m[90m│[39m
[90m├─────────────────────[39m[90m┼────────────────────────────────────────────[39m[90m┼──────────────────────────────────────────────────────────────────────────────┤[39m
[90m│[39m                     [90m│[39m                                            [90m│[39m Current: 0x01000007f845e3f2ab16646632231e4fee11627449b45067fa0e7c76ba114d06  [90m│[39m
[90m│[39m EmptyContract       [90m│[39m 0x0000000000000000000000000000000000000000 [90m├──────────────────────────────────────────────────────────────────────────────┤[39m
[90m│[39m                     [90m│[39m                                            [90m│[39m Proposed: 0x01000007271e9710c356751295d83a25ffec94be2b4ada01ec1fa04c7cd6f2c7 [90m│[39m
[90m├─────────────────────[39m[90m┼────────────────────────────────────────────[39m[90m┼──────────────────────────────────────────────────────────────────────────────┤[39m
[90m│[39m                     [90m│[39m                                            [90m│[39m Current: 0x0100001147fcb33fbc266df8067be8b51d68ad9362a6204de5a6b2279c613d12  [90m│[39m
[90m│[39m Ecrecover           [90m│[39m 0x0000000000000000000000000000000000000001 [90m├──────────────────────────────────────────────────────────────────────────────┤[39m
[90m│[39m                     [90m│[39m                                            [90m│[39m Proposed: 0x010000114daca2ff44f27d543b8ef67d885bfed09a74ba9cb25f5912dd3d739c [90m│[39m
[90m├─────────────────────[39m[90m┼────────────────────────────────────────────[39m[90m┼──────────────────────────────────────────────────────────────────────────────┤[39m
[90m│[39m                     [90m│[39m                                            [90m│[39m Current: 0x010000179d3c90b59acbc8fbda5ba2389cc80dfa840840e5183d44ea3c9b0131  [90m│[39m
[90m│[39m SHA256              [90m│[39m 0x0000000000000000000000000000000000000002 [90m├──────────────────────────────────────────────────────────────────────────────┤[39m
[90m│[39m                     [90m│[39m                                            [90m│[39m Proposed: 0x010000178d93b2d7d6448866009892223caf018a8e8dbcf090c2b9053a285f8d [90m│[39m
[90m├─────────────────────[39m[90m┼────────────────────────────────────────────[39m[90m┼──────────────────────────────────────────────────────────────────────────────┤[39m
[90m│[39m                     [90m│[39m                                            [90m│[39m Current: 0x0100008f337dc5cc92411071569be5cd4bfd755adf20021c8a0e316c4834c4ef  [90m│[39m
[90m│[39m EcAdd               [90m│[39m 0x0000000000000000000000000000000000000006 [90m├──────────────────────────────────────────────────────────────────────────────┤[39m
[90m│[39m                     [90m│[39m                                            [90m│[39m Proposed: 0x010000c5a85a372f441ac693210a18e683b530bed875fdcab2f7e101b057d433 [90m│[39m
[90m├─────────────────────[39m[90m┼────────────────────────────────────────────[39m[90m┼──────────────────────────────────────────────────────────────────────────────┤[39m
[90m│[39m                     [90m│[39m                                            [90m│[39m Current: 0x010000d941fe2d54aa725915db7d63795e02ced38fa2709d736631e30792ccb2  [90m│[39m
[90m│[39m EcMul               [90m│[39m 0x0000000000000000000000000000000000000007 [90m├──────────────────────────────────────────────────────────────────────────────┤[39m
[90m│[39m                     [90m│[39m                                            [90m│[39m Proposed: 0x0100013759b40792c2c3d033990e992e5508263c15252eb2d9bfbba571350675 [90m│[39m
[90m├─────────────────────[39m[90m┼────────────────────────────────────────────[39m[90m┼──────────────────────────────────────────────────────────────────────────────┤[39m
[90m│[39m                     [90m│[39m                                            [90m│[39m Current: 0x01000007f845e3f2ab16646632231e4fee11627449b45067fa0e7c76ba114d06  [90m│[39m
[90m│[39m EmptyContract       [90m│[39m 0x0000000000000000000000000000000000008001 [90m├──────────────────────────────────────────────────────────────────────────────┤[39m
[90m│[39m                     [90m│[39m                                            [90m│[39m Proposed: 0x01000007271e9710c356751295d83a25ffec94be2b4ada01ec1fa04c7cd6f2c7 [90m│[39m
[90m├─────────────────────[39m[90m┼────────────────────────────────────────────[39m[90m┼──────────────────────────────────────────────────────────────────────────────┤[39m
[90m│[39m                     [90m│[39m                                            [90m│[39m Current: 0x0100007537b226f7de4103e8c2d1df831e990ff722dc3aca654fd45ce61bd2ec  [90m│[39m
[90m│[39m AccountCodeStorage  [90m│[39m 0x0000000000000000000000000000000000008002 [90m├──────────────────────────────────────────────────────────────────────────────┤[39m
[90m│[39m                     [90m│[39m                                            [90m│[39m Proposed: 0x0100009bc0511159b5ec703d0c56f87615964017739def4ab1ee606b8ec6458c [90m│[39m
[90m├─────────────────────[39m[90m┼────────────────────────────────────────────[39m[90m┼──────────────────────────────────────────────────────────────────────────────┤[39m
[90m│[39m                     [90m│[39m                                            [90m│[39m Current: 0x010000e53b54bc7d1e273de73918fe1b12123c61e0fb0c1ab2ac94839d311029  [90m│[39m
[90m│[39m NonceHolder         [90m│[39m 0x0000000000000000000000000000000000008003 [90m├──────────────────────────────────────────────────────────────────────────────┤[39m
[90m│[39m                     [90m│[39m                                            [90m│[39m Proposed: 0x0100012fa73fa922dd9fabb40d3275ce80396eff6ccf1b452c928c17d98bd470 [90m│[39m
[90m├─────────────────────[39m[90m┼────────────────────────────────────────────[39m[90m┼──────────────────────────────────────────────────────────────────────────────┤[39m
[90m│[39m                     [90m│[39m                                            [90m│[39m Current: 0x0100007d0340c8a63df15d428ff5ab8acc61c74e67874c5252656ff9a694aacf  [90m│[39m
[90m│[39m KnownCodesStorage   [90m│[39m 0x0000000000000000000000000000000000008004 [90m├──────────────────────────────────────────────────────────────────────────────┤[39m
[90m│[39m                     [90m│[39m                                            [90m│[39m Proposed: 0x0100008b0ca6c6f277035366e99407fbb4b01e743e80b7d24dea5a3d647b423e [90m│[39m
[90m├─────────────────────[39m[90m┼────────────────────────────────────────────[39m[90m┼──────────────────────────────────────────────────────────────────────────────┤[39m
[90m│[39m                     [90m│[39m                                            [90m│[39m Current: 0x0100003d5fe89ded57edee93a69c969ad6f43a4fcf22dc24f0b8742f27e0410f  [90m│[39m
[90m│[39m ImmutableSimulator  [90m│[39m 0x0000000000000000000000000000000000008005 [90m├──────────────────────────────────────────────────────────────────────────────┤[39m
[90m│[39m                     [90m│[39m                                            [90m│[39m Proposed: 0x01000047a3c40e3f4eb98f14967f141452ae602d8723a10975dc33960911d8c5 [90m│[39m
[90m├─────────────────────[39m[90m┼────────────────────────────────────────────[39m[90m┼──────────────────────────────────────────────────────────────────────────────┤[39m
[90m│[39m                     [90m│[39m                                            [90m│[39m Current: 0x010005559dd27f9279b39dce0350dbef9636e743b7f00edf49b40f23b90e523b  [90m│[39m
[90m│[39m ContractDeployer    [90m│[39m 0x0000000000000000000000000000000000008006 [90m├──────────────────────────────────────────────────────────────────────────────┤[39m
[90m│[39m                     [90m│[39m                                            [90m│[39m Proposed: 0x010006091341955c8f76409de00549fb00b275166b5a0d0d7b82cbd629bb4212 [90m│[39m
[90m├─────────────────────[39m[90m┼────────────────────────────────────────────[39m[90m┼──────────────────────────────────────────────────────────────────────────────┤[39m
[90m│[39m                     [90m│[39m                                            [90m│[39m Current: 0x010002af715306a32366b81dee75e9f888355e430bfe591228314b08ce2d77d9  [90m│[39m
[90m│[39m L1Messenger         [90m│[39m 0x0000000000000000000000000000000000008008 [90m├──────────────────────────────────────────────────────────────────────────────┤[39m
[90m│[39m                     [90m│[39m                                            [90m│[39m Proposed: 0x01000301c943edb65f5a0b8cdd806218b8ecf25c022720fe3afe6951f202f3fa [90m│[39m
[90m├─────────────────────[39m[90m┼────────────────────────────────────────────[39m[90m┼──────────────────────────────────────────────────────────────────────────────┤[39m
[90m│[39m                     [90m│[39m                                            [90m│[39m Current: 0x010000632c2595abece956e70cf98f7f95672588c636500ebfee820547ff723d  [90m│[39m
[90m│[39m MsgValueSimulator   [90m│[39m 0x0000000000000000000000000000000000008009 [90m├──────────────────────────────────────────────────────────────────────────────┤[39m
[90m│[39m                     [90m│[39m                                            [90m│[39m Proposed: 0x0100006fa1591d93fcc4a25e9340ad11d0e825904cd1842b8f7255701e1aacbb [90m│[39m
[90m├─────────────────────[39m[90m┼────────────────────────────────────────────[39m[90m┼──────────────────────────────────────────────────────────────────────────────┤[39m
[90m│[39m                     [90m│[39m                                            [90m│[39m Current: 0x01000101390b0b7b816627d366d34fe732328fafc6ba339be74376c6219d3a3f  [90m│[39m
[90m│[39m L2EthToken          [90m│[39m 0x000000000000000000000000000000000000800a [90m├──────────────────────────────────────────────────────────────────────────────┤[39m
[90m│[39m                     [90m│[39m                                            [90m│[39m Proposed: 0x01000139b506af2b02225838c5a33e30ace701b44b210a422eedab7dd31c28a3 [90m│[39m
[90m├─────────────────────[39m[90m┼────────────────────────────────────────────[39m[90m┼──────────────────────────────────────────────────────────────────────────────┤[39m
[90m│[39m                     [90m│[39m                                            [90m│[39m Current: 0x01000181520b3a64b82e423d221b35739c35c0021e586e911531b6987c33562d  [90m│[39m
[90m│[39m SystemContext       [90m│[39m 0x000000000000000000000000000000000000800b [90m├──────────────────────────────────────────────────────────────────────────────┤[39m
[90m│[39m                     [90m│[39m                                            [90m│[39m Proposed: 0x0100023ba65021e4689dd1755f82108214a1f25150d439fe58c55cdb1f376436 [90m│[39m
[90m├─────────────────────[39m[90m┼────────────────────────────────────────────[39m[90m┼──────────────────────────────────────────────────────────────────────────────┤[39m
[90m│[39m                     [90m│[39m                                            [90m│[39m Current: 0x010007c975f78e50264c2d3b4deb89cbbb04a04a105dd3524848bad5329948f2  [90m│[39m
[90m│[39m BootloaderUtilities [90m│[39m 0x000000000000000000000000000000000000800c [90m├──────────────────────────────────────────────────────────────────────────────┤[39m
[90m│[39m                     [90m│[39m                                            [90m│[39m Proposed: 0x010009759cab4fa9e6ca0784746e1df600ff523f0f90c1e94191755cab4b2ed0 [90m│[39m
[90m├─────────────────────[39m[90m┼────────────────────────────────────────────[39m[90m┼──────────────────────────────────────────────────────────────────────────────┤[39m
[90m│[39m                     [90m│[39m                                            [90m│[39m Current: 0x0100001752ddb6f7d76adaf32594816c0bda5b9c17d6fd86e90a06acba2e4cb6  [90m│[39m
[90m│[39m EventWriter         [90m│[39m 0x000000000000000000000000000000000000800d [90m├──────────────────────────────────────────────────────────────────────────────┤[39m
[90m│[39m                     [90m│[39m                                            [90m│[39m Proposed: 0x01000019642d87621fdd82cf65aa9146486c9256d5f8849af9a37c78ef519339 [90m│[39m
[90m├─────────────────────[39m[90m┼────────────────────────────────────────────[39m[90m┼──────────────────────────────────────────────────────────────────────────────┤[39m
[90m│[39m                     [90m│[39m                                            [90m│[39m Current: 0x01000167fb76a165404d403ea1d5853cdefe4e71b93d595125f7576981381919  [90m│[39m
[90m│[39m Compressor          [90m│[39m 0x000000000000000000000000000000000000800e [90m├──────────────────────────────────────────────────────────────────────────────┤[39m
[90m│[39m                     [90m│[39m                                            [90m│[39m Proposed: 0x010001b72874590239af612f65d50a35975299f88de022493fe7f0a190e79496 [90m│[39m
[90m├─────────────────────[39m[90m┼────────────────────────────────────────────[39m[90m┼──────────────────────────────────────────────────────────────────────────────┤[39m
[90m│[39m                     [90m│[39m                                            [90m│[39m Current: 0x0100005589186a7446ebd5e1d568dada8f903693ea9daa75b010981f3e9e2585  [90m│[39m
[90m│[39m ComplexUpgrader     [90m│[39m 0x000000000000000000000000000000000000800f [90m├──────────────────────────────────────────────────────────────────────────────┤[39m
[90m│[39m                     [90m│[39m                                            [90m│[39m Proposed: 0x0100005bfc0443349233459892b51e9f67e27ac828d44d9c7cba8c8285fd66bc [90m│[39m
[90m├─────────────────────[39m[90m┼────────────────────────────────────────────[39m[90m┼──────────────────────────────────────────────────────────────────────────────┤[39m
[90m│[39m                     [90m│[39m                                            [90m│[39m Current: 0x0100000fb004b644efe76e9ef3ba89dfa3eaac946e3fa19f8a046ed27465eeef  [90m│[39m
[90m│[39m Keccak256           [90m│[39m 0x0000000000000000000000000000000000008010 [90m├──────────────────────────────────────────────────────────────────────────────┤[39m
[90m│[39m                     [90m│[39m                                            [90m│[39m Proposed: 0x0100001fb52ca33668d01c230a1c3b13ede90fe2e37d77222410e9f183cb7a89 [90m│[39m
[90m└─────────────────────[39m[90m┴────────────────────────────────────────────[39m[90m┴──────────────────────────────────────────────────────────────────────────────┘[39m

Other contracts:
[90m┌─────────────────[39m[90m┬────────────────────────────────────────────────────────────────────[39m[90m┬────────────────────────────────────────────────────────────────────[39m[90m┬──────────────────────────────────┐[39m
[90m│[39m[31m Name            [39m[90m│[39m[31m Current Bytecode hash                                              [39m[90m│[39m[31m Proposed Bytecode Hash                                             [39m[90m│[39m[31m BytecodeHash matches with github [39m[90m│[39m
[90m├─────────────────[39m[90m┼────────────────────────────────────────────────────────────────────[39m[90m┼────────────────────────────────────────────────────────────────────[39m[90m┼──────────────────────────────────┤[39m
[90m│[39m Default Account [90m│[39m 0x0100055b041eb28aff6e3a6e0f37c31fd053fc9ef142683b05e5f0aee6934066 [90m│[39m 0x01000651c5ae96f2aab07d720439e42491bb44c6384015e3a08e32620a4d582d [90m│[39m Yes                              [90m│[39m
[90m│[39m Bootloader      [90m│[39m 0x010007ede999d096c84553fb514d3d6ca76fbf39789dda76bfeda9f3ae06236e [90m│[39m 0x01000983d4ac4f797cf5c077e022f72284969b13248c2a8e9846f574bdeb5b88 [90m│[39m Yes                              [90m│[39m
[90m└─────────────────[39m[90m┴────────────────────────────────────────────────────────────────────[39m[90m┴────────────────────────────────────────────────────────────────────[39m[90m┴──────────────────────────────────┘[39m
"
`;
