// Vitest Snapshot v1, https://vitest.dev/guide/snapshot.html

exports[`CLI Output Test Suite > Command: <check> > another describe > should match snapshot 1`] = `
"- Gathering contract data: OK
Upgrade report:
===============

┌───────────────────────────┬────┐
│ Metadata                  │    │
├───────────────────────────┼────┤
│ Current protocol version  │ 22 │
│ Proposed protocol version │ 18 │
└───────────────────────────┴────┘
L1 Main contract Diamond upgrades:
┌──────────────────────────────────────┬─────────────────────────────────────────────────────────────────┐
│ AdminFacet                           │                                                                 │
├──────────────────────────────────────┼─────────────────────────────────────────────────────────────────┤
│ Current address                      │ 0x230214F0224C7E0485f348a79512ad00514DB1F7                      │
│ Upgrade address                      │ 0x409560DE546e057ce5bD5dB487EdF2bB5E785baB                      │
│ Proposed contract verified etherscan │ Yes                                                             │
│ New functions                        │ None                                                            │
│ Removed functions                    │ None                                                            │
│ To compare code                      │ pnpm validate facet-diff reference/1699353977-boojum AdminFacet │
└──────────────────────────────────────┴─────────────────────────────────────────────────────────────────┘
┌──────────────────────────────────────┬────────────────────────────────────────────────────────────────────┐
│ ExecutorFacet                        │                                                                    │
├──────────────────────────────────────┼────────────────────────────────────────────────────────────────────┤
│ Current address                      │ 0xfd3779e6214eBBd40f5F5890351298e123A46BA6                         │
│ Upgrade address                      │ 0x9e3Fa34a10619fEDd7aE40A3fb86FA515fcfd269                         │
│ Proposed contract verified etherscan │ Yes                                                                │
│ New functions                        │ None                                                               │
│ Removed functions                    │ None                                                               │
│ To compare code                      │ pnpm validate facet-diff reference/1699353977-boojum ExecutorFacet │
└──────────────────────────────────────┴────────────────────────────────────────────────────────────────────┘
┌──────────────────────────────────────┬───────────────────────────────────────────────────────────────────┐
│ GettersFacet                         │                                                                   │
├──────────────────────────────────────┼───────────────────────────────────────────────────────────────────┤
│ Current address                      │ 0x10113bB3a8e64f8eD67003126adC8CE74C34610c                        │
│ Upgrade address                      │ 0xF3ACF6a03ea4a914B78Ec788624B25ceC37c14A4                        │
│ Proposed contract verified etherscan │ Yes                                                               │
│ New functions                        │ getAllowList()                                                    │
│ Removed functions                    │ None                                                              │
│ To compare code                      │ pnpm validate facet-diff reference/1699353977-boojum GettersFacet │
└──────────────────────────────────────┴───────────────────────────────────────────────────────────────────┘
┌──────────────────────────────────────┬───────────────────────────────────────────────────────────────────┐
│ MailboxFacet                         │                                                                   │
├──────────────────────────────────────┼───────────────────────────────────────────────────────────────────┤
│ Current address                      │ 0xA57F9FFD65fC0F5792B5e958dF42399a114EC7e7                        │
│ Upgrade address                      │ 0x63b5EC36B09384fFA7106A80Ec7cfdFCa521fD08                        │
│ Proposed contract verified etherscan │ Yes                                                               │
│ New functions                        │ None                                                              │
│ Removed functions                    │ None                                                              │
│ To compare code                      │ pnpm validate facet-diff reference/1699353977-boojum MailboxFacet │
└──────────────────────────────────────┴───────────────────────────────────────────────────────────────────┘

Verifier:
┌────────────────────────────────┬────────────────────────────────────────────────────────────────────┬────────────────────────────────────────────────────────────────────┐
│ Attribute                      │ Current value                                                      │ Upgrade value                                                      │
├────────────────────────────────┼────────────────────────────────────────────────────────────────────┼────────────────────────────────────────────────────────────────────┤
│ Address                        │ 0xdd9C826196cf3510B040A8784D85aE36674c7Ed2                         │ 0xB465882F67d236DcC0D090F78ebb0d838e9719D8                         │
│ Recursion node level VkHash    │ 0x5a3ef282b21e12fe1f4438e5bb158fc5060b160559c5158c6389d62d9fe3d080 │ No changes                                                         │
│ Recursion circuits set VksHash │ 0x0000000000000000000000000000000000000000000000000000000000000000 │ No changes                                                         │
│ Recursion leaf level VkHash    │ 0x400a4b532c6f072c00d1806ef299300d4c104f4ac55bd8698ade78894fcadc0a │ 0x5a3ef282b21e12fe1f4438e5bb158fc5060b160559c5158c6389d62d9fe3d080 │
│                                                                                                                                                                          │
│ Show contract diff             │ pnpm validate verifier-diff reference/1699353977-boojum                                                                                 │
└────────────────────────────────┴─────────────────────────────────────────────────────────────────────────────────────────────────────────────────────────────────────────┘

System contracts:
┌─────────────────────┬────────────────────────────────────────────┬──────────────────────────────────────────────────────────────────────────────┐
│ Name                │ Address                                    │ bytecode hashes                                                              │
├─────────────────────┼────────────────────────────────────────────┼──────────────────────────────────────────────────────────────────────────────┤
│                     │                                            │ Current: 0x01000007f845e3f2ab16646632231e4fee11627449b45067fa0e7c76ba114d06  │
│ EmptyContract       │ 0x0000000000000000000000000000000000000000 ├──────────────────────────────────────────────────────────────────────────────┤
│                     │                                            │ Proposed: 0x01000007271e9710c356751295d83a25ffec94be2b4ada01ec1fa04c7cd6f2c7 │
├─────────────────────┼────────────────────────────────────────────┼──────────────────────────────────────────────────────────────────────────────┤
│                     │                                            │ Current: 0x0100001147fcb33fbc266df8067be8b51d68ad9362a6204de5a6b2279c613d12  │
│ Ecrecover           │ 0x0000000000000000000000000000000000000001 ├──────────────────────────────────────────────────────────────────────────────┤
│                     │                                            │ Proposed: 0x010000114daca2ff44f27d543b8ef67d885bfed09a74ba9cb25f5912dd3d739c │
├─────────────────────┼────────────────────────────────────────────┼──────────────────────────────────────────────────────────────────────────────┤
│                     │                                            │ Current: 0x010000179d3c90b59acbc8fbda5ba2389cc80dfa840840e5183d44ea3c9b0131  │
│ SHA256              │ 0x0000000000000000000000000000000000000002 ├──────────────────────────────────────────────────────────────────────────────┤
│                     │                                            │ Proposed: 0x010000178d93b2d7d6448866009892223caf018a8e8dbcf090c2b9053a285f8d │
├─────────────────────┼────────────────────────────────────────────┼──────────────────────────────────────────────────────────────────────────────┤
│                     │                                            │ Current: 0x0100008f337dc5cc92411071569be5cd4bfd755adf20021c8a0e316c4834c4ef  │
│ EcAdd               │ 0x0000000000000000000000000000000000000006 ├──────────────────────────────────────────────────────────────────────────────┤
│                     │                                            │ Proposed: 0x010000c5a85a372f441ac693210a18e683b530bed875fdcab2f7e101b057d433 │
├─────────────────────┼────────────────────────────────────────────┼──────────────────────────────────────────────────────────────────────────────┤
│                     │                                            │ Current: 0x010000d941fe2d54aa725915db7d63795e02ced38fa2709d736631e30792ccb2  │
│ EcMul               │ 0x0000000000000000000000000000000000000007 ├──────────────────────────────────────────────────────────────────────────────┤
│                     │                                            │ Proposed: 0x0100013759b40792c2c3d033990e992e5508263c15252eb2d9bfbba571350675 │
├─────────────────────┼────────────────────────────────────────────┼──────────────────────────────────────────────────────────────────────────────┤
│                     │                                            │ Current: 0x01000007f845e3f2ab16646632231e4fee11627449b45067fa0e7c76ba114d06  │
│ EmptyContract       │ 0x0000000000000000000000000000000000008001 ├──────────────────────────────────────────────────────────────────────────────┤
│                     │                                            │ Proposed: 0x01000007271e9710c356751295d83a25ffec94be2b4ada01ec1fa04c7cd6f2c7 │
├─────────────────────┼────────────────────────────────────────────┼──────────────────────────────────────────────────────────────────────────────┤
│                     │                                            │ Current: 0x0100007537b226f7de4103e8c2d1df831e990ff722dc3aca654fd45ce61bd2ec  │
│ AccountCodeStorage  │ 0x0000000000000000000000000000000000008002 ├──────────────────────────────────────────────────────────────────────────────┤
│                     │                                            │ Proposed: 0x0100009bc0511159b5ec703d0c56f87615964017739def4ab1ee606b8ec6458c │
├─────────────────────┼────────────────────────────────────────────┼──────────────────────────────────────────────────────────────────────────────┤
│                     │                                            │ Current: 0x010000e53b54bc7d1e273de73918fe1b12123c61e0fb0c1ab2ac94839d311029  │
│ NonceHolder         │ 0x0000000000000000000000000000000000008003 ├──────────────────────────────────────────────────────────────────────────────┤
│                     │                                            │ Proposed: 0x0100012fa73fa922dd9fabb40d3275ce80396eff6ccf1b452c928c17d98bd470 │
├─────────────────────┼────────────────────────────────────────────┼──────────────────────────────────────────────────────────────────────────────┤
│                     │                                            │ Current: 0x0100007d0340c8a63df15d428ff5ab8acc61c74e67874c5252656ff9a694aacf  │
│ KnownCodesStorage   │ 0x0000000000000000000000000000000000008004 ├──────────────────────────────────────────────────────────────────────────────┤
│                     │                                            │ Proposed: 0x0100008b0ca6c6f277035366e99407fbb4b01e743e80b7d24dea5a3d647b423e │
├─────────────────────┼────────────────────────────────────────────┼──────────────────────────────────────────────────────────────────────────────┤
│                     │                                            │ Current: 0x0100003d5fe89ded57edee93a69c969ad6f43a4fcf22dc24f0b8742f27e0410f  │
│ ImmutableSimulator  │ 0x0000000000000000000000000000000000008005 ├──────────────────────────────────────────────────────────────────────────────┤
│                     │                                            │ Proposed: 0x01000047a3c40e3f4eb98f14967f141452ae602d8723a10975dc33960911d8c5 │
├─────────────────────┼────────────────────────────────────────────┼──────────────────────────────────────────────────────────────────────────────┤
│                     │                                            │ Current: 0x010005559dd27f9279b39dce0350dbef9636e743b7f00edf49b40f23b90e523b  │
│ ContractDeployer    │ 0x0000000000000000000000000000000000008006 ├──────────────────────────────────────────────────────────────────────────────┤
│                     │                                            │ Proposed: 0x010006091341955c8f76409de00549fb00b275166b5a0d0d7b82cbd629bb4212 │
├─────────────────────┼────────────────────────────────────────────┼──────────────────────────────────────────────────────────────────────────────┤
│                     │                                            │ Current: 0x010002af715306a32366b81dee75e9f888355e430bfe591228314b08ce2d77d9  │
│ L1Messenger         │ 0x0000000000000000000000000000000000008008 ├──────────────────────────────────────────────────────────────────────────────┤
│                     │                                            │ Proposed: 0x01000301c943edb65f5a0b8cdd806218b8ecf25c022720fe3afe6951f202f3fa │
├─────────────────────┼────────────────────────────────────────────┼──────────────────────────────────────────────────────────────────────────────┤
│                     │                                            │ Current: 0x010000632c2595abece956e70cf98f7f95672588c636500ebfee820547ff723d  │
│ MsgValueSimulator   │ 0x0000000000000000000000000000000000008009 ├──────────────────────────────────────────────────────────────────────────────┤
│                     │                                            │ Proposed: 0x0100006fa1591d93fcc4a25e9340ad11d0e825904cd1842b8f7255701e1aacbb │
├─────────────────────┼────────────────────────────────────────────┼──────────────────────────────────────────────────────────────────────────────┤
│                     │                                            │ Current: 0x01000101390b0b7b816627d366d34fe732328fafc6ba339be74376c6219d3a3f  │
│ L2EthToken          │ 0x000000000000000000000000000000000000800a ├──────────────────────────────────────────────────────────────────────────────┤
│                     │                                            │ Proposed: 0x01000139b506af2b02225838c5a33e30ace701b44b210a422eedab7dd31c28a3 │
├─────────────────────┼────────────────────────────────────────────┼──────────────────────────────────────────────────────────────────────────────┤
│                     │                                            │ Current: 0x01000181520b3a64b82e423d221b35739c35c0021e586e911531b6987c33562d  │
│ SystemContext       │ 0x000000000000000000000000000000000000800b ├──────────────────────────────────────────────────────────────────────────────┤
│                     │                                            │ Proposed: 0x0100023ba65021e4689dd1755f82108214a1f25150d439fe58c55cdb1f376436 │
├─────────────────────┼────────────────────────────────────────────┼──────────────────────────────────────────────────────────────────────────────┤
│                     │                                            │ Current: 0x010007c975f78e50264c2d3b4deb89cbbb04a04a105dd3524848bad5329948f2  │
│ BootloaderUtilities │ 0x000000000000000000000000000000000000800c ├──────────────────────────────────────────────────────────────────────────────┤
│                     │                                            │ Proposed: 0x010009759cab4fa9e6ca0784746e1df600ff523f0f90c1e94191755cab4b2ed0 │
├─────────────────────┼────────────────────────────────────────────┼──────────────────────────────────────────────────────────────────────────────┤
│                     │                                            │ Current: 0x0100001752ddb6f7d76adaf32594816c0bda5b9c17d6fd86e90a06acba2e4cb6  │
│ EventWriter         │ 0x000000000000000000000000000000000000800d ├──────────────────────────────────────────────────────────────────────────────┤
│                     │                                            │ Proposed: 0x01000019642d87621fdd82cf65aa9146486c9256d5f8849af9a37c78ef519339 │
├─────────────────────┼────────────────────────────────────────────┼──────────────────────────────────────────────────────────────────────────────┤
│                     │                                            │ Current: 0x01000167fb76a165404d403ea1d5853cdefe4e71b93d595125f7576981381919  │
│ Compressor          │ 0x000000000000000000000000000000000000800e ├──────────────────────────────────────────────────────────────────────────────┤
│                     │                                            │ Proposed: 0x010001b72874590239af612f65d50a35975299f88de022493fe7f0a190e79496 │
├─────────────────────┼────────────────────────────────────────────┼──────────────────────────────────────────────────────────────────────────────┤
│                     │                                            │ Current: 0x0100005589186a7446ebd5e1d568dada8f903693ea9daa75b010981f3e9e2585  │
│ ComplexUpgrader     │ 0x000000000000000000000000000000000000800f ├──────────────────────────────────────────────────────────────────────────────┤
│                     │                                            │ Proposed: 0x0100005bfc0443349233459892b51e9f67e27ac828d44d9c7cba8c8285fd66bc │
├─────────────────────┼────────────────────────────────────────────┼──────────────────────────────────────────────────────────────────────────────┤
│                     │                                            │ Current: 0x0100000fb004b644efe76e9ef3ba89dfa3eaac946e3fa19f8a046ed27465eeef  │
│ Keccak256           │ 0x0000000000000000000000000000000000008010 ├──────────────────────────────────────────────────────────────────────────────┤
│                     │                                            │ Proposed: 0x0100001fb52ca33668d01c230a1c3b13ede90fe2e37d77222410e9f183cb7a89 │
└─────────────────────┴────────────────────────────────────────────┴──────────────────────────────────────────────────────────────────────────────┘

Other contracts:
┌─────────────────┬────────────────────────────────────────────────────────────────────┬────────────────────────────────────────────────────────────────────┬──────────────────────────────────┐
│ Name            │ Current Bytecode hash                                              │ Proposed Bytecode Hash                                             │ BytecodeHash matches with github │
├─────────────────┼────────────────────────────────────────────────────────────────────┼────────────────────────────────────────────────────────────────────┼──────────────────────────────────┤
│ Default Account │ 0x010007ede999d096c84553fb514d3d6ca76fbf39789dda76bfeda9f3ae06236e │ 0x01000651c5ae96f2aab07d720439e42491bb44c6384015e3a08e32620a4d582d │ true                             │
│ Bootloader      │ 0x0100055b041eb28aff6e3a6e0f37c31fd053fc9ef142683b05e5f0aee6934066 │ 0x01000983d4ac4f797cf5c077e022f72284969b13248c2a8e9846f574bdeb5b88 │ true                             │
└─────────────────┴────────────────────────────────────────────────────────────────────┴────────────────────────────────────────────────────────────────────┴──────────────────────────────────┘
"
`;
