// Vitest Snapshot v1, https://vitest.dev/guide/snapshot.html

exports[`storage-diff > matches snapshot 1`] = `
"- Calculating storage changes...
✔ Calculating storage changes
- Searching all facet addresses...
✔ Searching all facet addresses
- Searching all selectors...
✔ Searching all selectors
- calculating report...
✔ calculating report
--------------------------
name: ZkSyncHyperchainBase.s.__DEPRECATED_diamondCutStorage
description: [DEPRECATED] Storage of variables needed for deprecated diamond cut facet

before:
  - 0x0000000000000000000000000000000000000000
  - 0x0000000000000000000000000000000000000000
  - 0x0000000000000000000000000000000000000000
  - 0x0000000000000000000000000000000000000000
  - 0x0000000000000000000000000000000000000000
  - 0x0000000000000000000000000000000000000000
  - 0x0000000000000000000000000000000000000000

after:
  - 0x0000000000000000000000000000000000000000
  - 0x0000000000000000000000000000000000000000
  - 0x0000000000000000000000000000000000000000
  - 0x0000000000000000000000000000000000000000
  - 0x0000000000000000000000000000000000000000
  - 0x0000000000000000000000000000000000000000
  - 0x0000000000000000000000000000000000000000
--------------------------
--------------------------
name: ZkSyncHyperchainBase.s.__DEPRECATED_governor
description: Address which will exercise critical changes to the Diamond Proxy (upgrades, freezing & unfreezing)

before: 0x0b622a2061eaccae1c664ebc3e868b8438e03f61

after: 0x0b622a2061eaccae1c664ebc3e868b8438e03f61
--------------------------
--------------------------
name: ZkSyncHyperchainBase.s.__DEPRECATED_pendingGovernor
description: Address that the governor proposed as one that will replace it

before: 0x0000000000000000000000000000000000000000

after: 0x0000000000000000000000000000000000000000
--------------------------
--------------------------
name: ZkSyncHyperchainBase.s.verifier
description: Verifier contract. Used to verify aggregated proof for batches

before: 0x70f3fbf8a427155185ec90bed8a3434203de9604

after: 0x9d6c59d9a234f585b367b4ba3c62e5ec7a6179fd
--------------------------
--------------------------
name: ZkSyncHyperchainBase.s.totalBatchesExecuted
description: Total number of executed batches i.e. batches[totalBatchesExecuted] points at the latest executed batch (batch 0 is genesis)

before: 490198

after: 490198
--------------------------
--------------------------
name: ZkSyncHyperchainBase.s.totalBatchesVerified
description: Total number of proved batches i.e. batches[totalBatchesProved] points at the latest proved batch

before: 490283

after: 490283
--------------------------
--------------------------
name: ZkSyncHyperchainBase.s.totalBatchesCommitted
description: Total number of committed batches i.e. batches[totalBatchesCommitted] points at the latest committed batch

before: 490298

after: 490298
--------------------------
--------------------------
name: ZkSyncHyperchainBase.s.priorityQueue
description: Container that stores transactions requested from L1

before:
  .data: Empty slot.
  .tail: 0
  .head: 0

after:
  .data: Empty slot.
  .tail: 0
  .head: 0
--------------------------
--------------------------
name: ZkSyncHyperchainBase.s.__DEPRECATED_allowList
description: The smart contract that manages the list with permission to call contract functions

before: 0x0c0dc1171258694635aa50cec5845ac1031ca6d7

after: 0x0c0dc1171258694635aa50cec5845ac1031ca6d7
--------------------------
--------------------------
name: ZkSyncHyperchainBase.s.__DEPRECATED_verifierParams
description: [DEPRECATED]

before:
  .recursionNodeLevelVkHash: 0xf520cd5b37e74e19fdb369c8d676a04dce8a19457497ac6686d2bb95d94109c8
  .recursionLeafLevelVkHash: 0xf9664f4324c1400fa5c3822d667f30e873f53f1b8033180cd15fe41c1e2355c6
  .recursionCircuitsSetVksHash: 0x0000000000000000000000000000000000000000000000000000000000000000

after:
  .recursionNodeLevelVkHash: 0xf520cd5b37e74e19fdb369c8d676a04dce8a19457497ac6686d2bb95d94109c8
  .recursionLeafLevelVkHash: 0x435202d277dd06ef3c64ddd99fda043fc27c2bd8b7c66882966840202c27f4f6
  .recursionCircuitsSetVksHash: 0x0000000000000000000000000000000000000000000000000000000000000000
--------------------------
--------------------------
name: ZkSyncHyperchainBase.s.l2BootloaderBytecodeHash
description: Bytecode hash of bootloader program. Used as an input to zkp-circuit.

before: 0x010008e742608b21bf7eb23c1a9d0602047e3618b464c9b59c0fba3b3d7ab66e

after: 0x010008e742608b21bf7eb23c1a9d0602047e3618b464c9b59c0fba3b3d7ab66e
--------------------------
--------------------------
name: ZkSyncHyperchainBase.s.l2DefaultAccountBytecodeHash
description: Bytecode hash of default account (bytecode for EOA). Used as an input to zkp-circuit.

before: 0x01000563374c277a2c1e34659a2a1e87371bb6d852ce142022d497bfb50b9e32

after: 0x01000563374c277a2c1e34659a2a1e87371bb6d852ce142022d497bfb50b9e32
--------------------------
--------------------------
name: ZkSyncHyperchainBase.s.zkPorterIsAvailable
description: Indicates that the porter may be touched on L2 transactions. Used as an input to zkp-circuit.

before: false

after: false
--------------------------
--------------------------
name: ZkSyncHyperchainBase.s.priorityTxMaxGasLimit
description: The maximum number of the L2 gas that a user can request for L1 -> L2 transactions This is the maximum number of L2 gas that is available for the "body" of the transaction, i.e. without overhead for proving the batch.

before: 72000000

after: 72000000
--------------------------
--------------------------
name: ZkSyncHyperchainBase.s.__DEPRECATED_upgrades
description: [DEPRECATED] Storage of variables needed for upgrade facet

before: 0x0000000000000000000000000000000000000000000000000000000000000000

after: 0x0000000000000000000000000000000000000000000000000000000000000000
--------------------------
--------------------------
name: ZkSyncHyperchainBase.s.__DEPRECATED_lastWithdrawalLimitReset
description: The most recent withdrawal time and amount reset

before: 0

after: 0
--------------------------
--------------------------
name: ZkSyncHyperchainBase.s.__DEPRECATED_withdrawnAmountInWindow
description: The accumulated withdrawn amount during the withdrawal limit window

before: 0

after: 0
--------------------------
--------------------------
name: ZkSyncHyperchainBase.s.protocolVersion
description: Stores the protocol version. Note, that the protocol version may not only encompass changes to the smart contracts, but also to the node behavior.

before: 103079215105

after: 24
--------------------------
--------------------------
name: ZkSyncHyperchainBase.s.l2SystemContractsUpgradeTxHash
description: Hash of the system contract upgrade transaction. If 0, then no upgrade transaction needs to be done.

before: 0x0000000000000000000000000000000000000000000000000000000000000000

after: 0xb88380066d84222045097f0fad44e876c361dc27f5367d46decb294ba1a7d29c
--------------------------
--------------------------
name: ZkSyncHyperchainBase.s.l2SystemContractsUpgradeBatchNumber
description: Batch number where the upgrade transaction has happened. If 0, then no upgrade yet transaction has happened

before: 0x0000000000000000000000000000000000000000000000000000000000000000

after: 0x0000000000000000000000000000000000000000000000000000000000000000
--------------------------
--------------------------
name: ZkSyncHyperchainBase.s.admin
description: Address which will exercise non-critical changes to the Diamond Proxy (changing validator set & unfreezing)

before: 0x0b622a2061eaccae1c664ebc3e868b8438e03f61

after: 0x0b622a2061eaccae1c664ebc3e868b8438e03f61
--------------------------
--------------------------
name: ZkSyncHyperchainBase.s.pendingAdmin
description: Address that the governor or admin proposed as one that will replace admin role

before: 0x0000000000000000000000000000000000000000

after: 0x0000000000000000000000000000000000000000
--------------------------
--------------------------
name: ZkSyncHyperchainBase.s.feeParams
description: Fee params used to derive gasPrice for the L1->L2 transactions. For L2 transactions, the bootloader gives enough freedom to the operator.

before:
  .pubdataPricingMode: 0
  .batchOverheadL1Gas: 1000000
  .maxPubdataPerBatch: 120000
  .maxL2GasPerBatch: 80000000
  .priorityTxMaxPubdata: 99000
  .minimalL2GasPrice: 250000000

after:
  .pubdataPricingMode: 0
  .batchOverheadL1Gas: 1000000
  .maxPubdataPerBatch: 120000
  .maxL2GasPerBatch: 80000000
  .priorityTxMaxPubdata: 99000
  .minimalL2GasPrice: 250000000
--------------------------
--------------------------
name: ZkSyncHyperchainBase.s.blobVersionedHashRetriever
description: Address of the blob versioned hash getter smart contract used for EIP-4844 versioned hashes.

before: 0x273bdccdd979510adf4fb801d92f64b243c01fe2

after: 0x273bdccdd979510adf4fb801d92f64b243c01fe2
--------------------------
--------------------------
name: ZkSyncHyperchainBase.s.chainId
description: The chainId of the chain

before: 324

after: 324
--------------------------
--------------------------
name: ZkSyncHyperchainBase.s.bridgehub
description: The address of the bridgehub

before: 0x303a465b659cbb0ab36ee643ea362c509eeb5213

after: 0x5b5c82f4da996e118b127880492a23391376f65c
--------------------------
--------------------------
name: ZkSyncHyperchainBase.s.stateTransitionManager
description: The address of the StateTransitionManager

before: 0xc2ee6b6af7d616f6e27ce7f4a451aedc2b0f5f5c

after: 0x280372beaaf440c52a2ed893daa14cdacc0422b8
--------------------------
--------------------------
name: ZkSyncHyperchainBase.s.baseToken
description: The address of the baseToken contract. Eth is address(1)

before: 0x0000000000000000000000000000000000000001

after: 0x0000000000000000000000000000000000000001
--------------------------
--------------------------
name: ZkSyncHyperchainBase.s.baseTokenBridge
description: The address of the baseTokenbridge. Eth also uses the shared bridge

before: 0xd7f9f54194c633f36ccd5f3da84ad4a1c38cb2cb

after: 0x241f19ea8ccd04515b309f1c9953a322f51891fc
--------------------------
--------------------------
name: ZkSyncHyperchainBase.s.baseTokenGasPriceMultiplierNominator
description: The chainId of the chain

before: 1

after: 1
--------------------------
--------------------------
name: ZkSyncHyperchainBase.s.baseTokenGasPriceMultiplierDenominator
description: The chainId of the chain

before: 1

after: 1
--------------------------
--------------------------
name: ZkSyncHyperchainBase.s.transactionFilterer
description: The address of the baseTokenbridge. Eth also uses the shared bridge

before: 0x0000000100000000000000000000000000000001

after: 0x0000000100000000000000000000000000000001
--------------------------
--------------------------
name: DiamondStorage.selectorToFacet
description: A mapping from the selector to the facet address and its meta information

before:
  [0xf6f26b416ce7ae5e5fe224be332c7ae4e1f3450a]:
    .facetAddress: 0x0000000000000000000000000000000000000000
    .selectorPosition: 0
    .isFreezable: false
  [0xe60e94fccb18a81d501a38959e532c0a85a1be89]:
    .facetAddress: 0x0000000000000000000000000000000000000000
    .selectorPosition: 0
    .isFreezable: false
  [0xcdb6228b616eef8df47d69a372c4f725c43e718c]:
    .facetAddress: 0x0000000000000000000000000000000000000000
    .selectorPosition: 0
    .isFreezable: false
  [0xad193ade635576d8e9f7ada71af2137b16c64075]:
    .facetAddress: 0x0000000000000000000000000000000000000000
    .selectorPosition: 0
    .isFreezable: false
  [0x342a09385e9bad4ad32a6220765a6c333552e565]:
    .facetAddress: 0x0000000000000000000000000000000000000000
    .selectorPosition: 0
    .isFreezable: false
  [0x345c6ca2f3e08445614f4299001418f125ad330a]:
    .facetAddress: 0x0000000000000000000000000000000000000000
    .selectorPosition: 0
    .isFreezable: false
  [0x7814399116c17f2750ca99cbfd2b75ba9a0793d7]:
    .facetAddress: 0x0000000000000000000000000000000000000000
    .selectorPosition: 0
    .isFreezable: false
  [0x1a451d9bfbd176321966e9bc540596ca9d39b4b1]:
    .facetAddress: 0x0000000000000000000000000000000000000000
    .selectorPosition: 0
    .isFreezable: false

after:
  [0xf6f26b416ce7ae5e5fe224be332c7ae4e1f3450a]:
    .facetAddress: 0x0000000000000000000000000000000000000000
    .selectorPosition: 0
    .isFreezable: false
  [0xe60e94fccb18a81d501a38959e532c0a85a1be89]:
    .facetAddress: 0x0000000000000000000000000000000000000000
    .selectorPosition: 0
    .isFreezable: false
  [0xcdb6228b616eef8df47d69a372c4f725c43e718c]:
    .facetAddress: 0x0000000000000000000000000000000000000000
    .selectorPosition: 0
    .isFreezable: false
  [0xad193ade635576d8e9f7ada71af2137b16c64075]:
    .facetAddress: 0x0000000000000000000000000000000000000000
    .selectorPosition: 0
    .isFreezable: false
  [0x342a09385e9bad4ad32a6220765a6c333552e565]:
    .facetAddress: 0x0000000000000000000000000000000000000000
    .selectorPosition: 0
    .isFreezable: false
  [0x345c6ca2f3e08445614f4299001418f125ad330a]:
    .facetAddress: 0x0000000000000000000000000000000000000000
    .selectorPosition: 0
    .isFreezable: false
  [0x7814399116c17f2750ca99cbfd2b75ba9a0793d7]:
    .facetAddress: 0x0000000000000000000000000000000000000000
    .selectorPosition: 0
    .isFreezable: false
  [0x1a451d9bfbd176321966e9bc540596ca9d39b4b1]:
    .facetAddress: 0x0000000000000000000000000000000000000000
    .selectorPosition: 0
    .isFreezable: false
--------------------------
--------------------------
name: DiamondStorage.facetToSelectors
description: The array of all unique facet addresses that belong to the diamond proxy

before:
  [0x0e18b681]:
    .selectors:
    .facetPosition: 0
  [0x64bf8d66]:
    .selectors:
    .facetPosition: 0
  [0xa9f6d941]:
    .selectors:
    .facetPosition: 0
  [0x27ae4c16]:
    .selectors:
    .facetPosition: 0
  [0x4dd18bf5]:
    .selectors:
    .facetPosition: 0
  [0x1cc5d103]:
    .selectors:
    .facetPosition: 0
  [0xbe6f11cf]:
    .selectors:
    .facetPosition: 0
  [0xe76db865]:
    .selectors:
    .facetPosition: 0
  [0x235d9eb5]:
    .selectors:
    .facetPosition: 0
  [0x21f603d7]:
    .selectors:
    .facetPosition: 0
  [0x4623c91d]:
    .selectors:
    .facetPosition: 0
  [0x17338945]:
    .selectors:
    .facetPosition: 0
  [0xfc57565f]:
    .selectors:
    .facetPosition: 0
  [0x1de72e34]:
    .selectors:
    .facetPosition: 0
  [0xea6c029c]:
    .selectors:
    .facetPosition: 0
  [0xcdffacc6]:
    .selectors:
    .facetPosition: 0
  [0x52ef6b2c]:
    .selectors:
    .facetPosition: 0
  [0xadfca15e]:
    .selectors:
    .facetPosition: 0
  [0x7a0ed627]:
    .selectors:
    .facetPosition: 0
  [0x6e9960c3]:
    .selectors:
    .facetPosition: 0
  [0x98acd7a6]:
    .selectors:
    .facetPosition: 0
  [0x086a56f8]:
    .selectors:
    .facetPosition: 0
  [0x3591c1a0]:
    .selectors:
    .facetPosition: 0
  [0x79823c9a]:
    .selectors:
    .facetPosition: 0
  [0xd86970d8]:
    .selectors:
    .facetPosition: 0
  [0xfd791f3c]:
    .selectors:
    .facetPosition: 0
  [0xe5355c75]:
    .selectors:
    .facetPosition: 0
  [0x9d1b5a81]:
    .selectors:
    .facetPosition: 0
  [0x7b30c8da]:
    .selectors:
    .facetPosition: 0
  [0xd0468156]:
    .selectors:
    .facetPosition: 0
  [0x631f4bac]:
    .selectors:
    .facetPosition: 0
  [0x0ec6b0b7]:
    .selectors:
    .facetPosition: 0
  [0x33ce93fe]:
    .selectors:
    .facetPosition: 0
  [0x06d49e5b]:
    .selectors:
    .facetPosition: 0
  [0xf5c1182c]:
    .selectors:
    .facetPosition: 0
  [0x5518c73b]:
    .selectors:
    .facetPosition: 0
  [0xdb1f0bf9]:
    .selectors:
    .facetPosition: 0
  [0xb8c2f66f]:
    .selectors:
    .facetPosition: 0
  [0xef3f0bae]:
    .selectors:
    .facetPosition: 0
  [0xfe26699e]:
    .selectors:
    .facetPosition: 0
  [0x39607382]:
    .selectors:
    .facetPosition: 0
  [0xaf6a2dcd]:
    .selectors:
    .facetPosition: 0
  [0xa1954fc5]:
    .selectors:
    .facetPosition: 0
  [0x46657fe9]:
    .selectors:
    .facetPosition: 0
  [0x18e3a941]:
    .selectors:
    .facetPosition: 0
  [0x29b98c67]:
    .selectors:
    .facetPosition: 0
  [0xbd7c5412]:
    .selectors:
    .facetPosition: 0
  [0xc3bbd2d7]:
    .selectors:
    .facetPosition: 0
  [0xe81e0ba1]:
    .selectors:
    .facetPosition: 0
  [0xfacd743b]:
    .selectors:
    .facetPosition: 0
  [0x9cd939e4]:
    .selectors:
    .facetPosition: 0
  [0x56142d7a]:
    .selectors:
    .facetPosition: 0
  [0xb22dd78e]:
    .selectors:
    .facetPosition: 0
  [0x74f4d30d]:
    .selectors:
    .facetPosition: 0
  [0x12f43dab]:
    .selectors:
    .facetPosition: 0
  [0x6c0960f9]:
    .selectors:
    .facetPosition: 0
  [0xb473318e]:
    .selectors:
    .facetPosition: 0
  [0x042901c7]:
    .selectors:
    .facetPosition: 0
  [0x263b7f8e]:
    .selectors:
    .facetPosition: 0
  [0xe4948f43]:
    .selectors:
    .facetPosition: 0
  [0xeb672419]:
    .selectors:
    .facetPosition: 0
  [0xc924de35]:
    .selectors:
    .facetPosition: 0
  [0x701f58c5]:
    .selectors:
    .facetPosition: 0
  [0x6edd4f12]:
    .selectors:
    .facetPosition: 0
  [0xc3d93e7c]:
    .selectors:
    .facetPosition: 0
  [0x6f497ac6]:
    .selectors:
    .facetPosition: 0
  [0x7f61885c]:
    .selectors:
    .facetPosition: 0
  [0xc37533bb]:
    .selectors:
    .facetPosition: 0
  [0x97c09d34]:
    .selectors:
    .facetPosition: 0
  [0x0f23da43]:
    .selectors:
    .facetPosition: 0
  [0x0e18b681]:
    .selectors:
    .facetPosition: 0
  [0x64bf8d66]:
    .selectors:
    .facetPosition: 0
  [0xa9f6d941]:
    .selectors:
    .facetPosition: 0
  [0x27ae4c16]:
    .selectors:
    .facetPosition: 0
  [0x4dd18bf5]:
    .selectors:
    .facetPosition: 0
  [0x1cc5d103]:
    .selectors:
    .facetPosition: 0
  [0xbe6f11cf]:
    .selectors:
    .facetPosition: 0
  [0xe76db865]:
    .selectors:
    .facetPosition: 0
  [0x235d9eb5]:
    .selectors:
    .facetPosition: 0
  [0x21f603d7]:
    .selectors:
    .facetPosition: 0
  [0x4623c91d]:
    .selectors:
    .facetPosition: 0
  [0x17338945]:
    .selectors:
    .facetPosition: 0
  [0xfc57565f]:
    .selectors:
    .facetPosition: 0
  [0x1de72e34]:
    .selectors:
    .facetPosition: 0
  [0xea6c029c]:
    .selectors:
    .facetPosition: 0
  [0xcdffacc6]:
    .selectors:
    .facetPosition: 0
  [0x52ef6b2c]:
    .selectors:
    .facetPosition: 0
  [0xadfca15e]:
    .selectors:
    .facetPosition: 0
  [0x7a0ed627]:
    .selectors:
    .facetPosition: 0
  [0x6e9960c3]:
    .selectors:
    .facetPosition: 0
  [0x98acd7a6]:
    .selectors:
    .facetPosition: 0
  [0x086a56f8]:
    .selectors:
    .facetPosition: 0
  [0x3591c1a0]:
    .selectors:
    .facetPosition: 0
  [0x79823c9a]:
    .selectors:
    .facetPosition: 0
  [0xd86970d8]:
    .selectors:
    .facetPosition: 0
  [0xfd791f3c]:
    .selectors:
    .facetPosition: 0
  [0xe5355c75]:
    .selectors:
    .facetPosition: 0
  [0x9d1b5a81]:
    .selectors:
    .facetPosition: 0
  [0x7b30c8da]:
    .selectors:
    .facetPosition: 0
  [0xd0468156]:
    .selectors:
    .facetPosition: 0
  [0x631f4bac]:
    .selectors:
    .facetPosition: 0
  [0x0ec6b0b7]:
    .selectors:
    .facetPosition: 0
  [0x33ce93fe]:
    .selectors:
    .facetPosition: 0
  [0x06d49e5b]:
    .selectors:
    .facetPosition: 0
  [0xf5c1182c]:
    .selectors:
    .facetPosition: 0
  [0x5518c73b]:
    .selectors:
    .facetPosition: 0
  [0xdb1f0bf9]:
    .selectors:
    .facetPosition: 0
  [0xb8c2f66f]:
    .selectors:
    .facetPosition: 0
  [0xef3f0bae]:
    .selectors:
    .facetPosition: 0
  [0xfe26699e]:
    .selectors:
    .facetPosition: 0
  [0x39607382]:
    .selectors:
    .facetPosition: 0
  [0xaf6a2dcd]:
    .selectors:
    .facetPosition: 0
  [0xa1954fc5]:
    .selectors:
    .facetPosition: 0
  [0x46657fe9]:
    .selectors:
    .facetPosition: 0
  [0x18e3a941]:
    .selectors:
    .facetPosition: 0
  [0x29b98c67]:
    .selectors:
    .facetPosition: 0
  [0xbd7c5412]:
    .selectors:
    .facetPosition: 0
  [0xc3bbd2d7]:
    .selectors:
    .facetPosition: 0
  [0xe81e0ba1]:
    .selectors:
    .facetPosition: 0
  [0xfacd743b]:
    .selectors:
    .facetPosition: 0
  [0x9cd939e4]:
    .selectors:
    .facetPosition: 0
  [0x56142d7a]:
    .selectors:
    .facetPosition: 0
  [0xb22dd78e]:
    .selectors:
    .facetPosition: 0
  [0x74f4d30d]:
    .selectors:
    .facetPosition: 0
  [0x12f43dab]:
    .selectors:
    .facetPosition: 0
  [0x6c0960f9]:
    .selectors:
    .facetPosition: 0
  [0xb473318e]:
    .selectors:
    .facetPosition: 0
  [0x042901c7]:
    .selectors:
    .facetPosition: 0
  [0x263b7f8e]:
    .selectors:
    .facetPosition: 0
  [0xe4948f43]:
    .selectors:
    .facetPosition: 0
  [0xeb672419]:
    .selectors:
    .facetPosition: 0
  [0xc924de35]:
    .selectors:
    .facetPosition: 0
  [0x701f58c5]:
    .selectors:
    .facetPosition: 0
  [0x6edd4f12]:
    .selectors:
    .facetPosition: 0
  [0xc3d93e7c]:
    .selectors:
    .facetPosition: 0
  [0x6f497ac6]:
    .selectors:
    .facetPosition: 0
  [0x7f61885c]:
    .selectors:
    .facetPosition: 0
  [0xc37533bb]:
    .selectors:
    .facetPosition: 0
  [0x97c09d34]:
    .selectors:
    .facetPosition: 0
  [0x0f23da43]:
    .selectors:
    .facetPosition: 0
  [0x0e18b681]:
    .selectors:
    .facetPosition: 0
  [0x64bf8d66]:
    .selectors:
    .facetPosition: 0
  [0xa9f6d941]:
    .selectors:
    .facetPosition: 0
  [0x27ae4c16]:
    .selectors:
    .facetPosition: 0
  [0x4dd18bf5]:
    .selectors:
    .facetPosition: 0
  [0x1cc5d103]:
    .selectors:
    .facetPosition: 0
  [0xbe6f11cf]:
    .selectors:
    .facetPosition: 0
  [0xe76db865]:
    .selectors:
    .facetPosition: 0
  [0x235d9eb5]:
    .selectors:
    .facetPosition: 0
  [0x21f603d7]:
    .selectors:
    .facetPosition: 0
  [0x4623c91d]:
    .selectors:
    .facetPosition: 0
  [0x17338945]:
    .selectors:
    .facetPosition: 0
  [0xfc57565f]:
    .selectors:
    .facetPosition: 0
  [0x1de72e34]:
    .selectors:
    .facetPosition: 0
  [0xea6c029c]:
    .selectors:
    .facetPosition: 0
  [0xcdffacc6]:
    .selectors:
    .facetPosition: 0
  [0x52ef6b2c]:
    .selectors:
    .facetPosition: 0
  [0xadfca15e]:
    .selectors:
    .facetPosition: 0
  [0x7a0ed627]:
    .selectors:
    .facetPosition: 0
  [0x6e9960c3]:
    .selectors:
    .facetPosition: 0
  [0x98acd7a6]:
    .selectors:
    .facetPosition: 0
  [0x086a56f8]:
    .selectors:
    .facetPosition: 0
  [0x3591c1a0]:
    .selectors:
    .facetPosition: 0
  [0x79823c9a]:
    .selectors:
    .facetPosition: 0
  [0xd86970d8]:
    .selectors:
    .facetPosition: 0
  [0xfd791f3c]:
    .selectors:
    .facetPosition: 0
  [0xe5355c75]:
    .selectors:
    .facetPosition: 0
  [0x9d1b5a81]:
    .selectors:
    .facetPosition: 0
  [0x7b30c8da]:
    .selectors:
    .facetPosition: 0
  [0xd0468156]:
    .selectors:
    .facetPosition: 0
  [0x631f4bac]:
    .selectors:
    .facetPosition: 0
  [0x0ec6b0b7]:
    .selectors:
    .facetPosition: 0
  [0x33ce93fe]:
    .selectors:
    .facetPosition: 0
  [0x06d49e5b]:
    .selectors:
    .facetPosition: 0
  [0x5518c73b]:
    .selectors:
    .facetPosition: 0
  [0xdb1f0bf9]:
    .selectors:
    .facetPosition: 0
  [0xb8c2f66f]:
    .selectors:
    .facetPosition: 0
  [0xef3f0bae]:
    .selectors:
    .facetPosition: 0
  [0xfe26699e]:
    .selectors:
    .facetPosition: 0
  [0x39607382]:
    .selectors:
    .facetPosition: 0
  [0xaf6a2dcd]:
    .selectors:
    .facetPosition: 0
  [0xa1954fc5]:
    .selectors:
    .facetPosition: 0
  [0x46657fe9]:
    .selectors:
    .facetPosition: 0
  [0x18e3a941]:
    .selectors:
    .facetPosition: 0
  [0x29b98c67]:
    .selectors:
    .facetPosition: 0
  [0xbd7c5412]:
    .selectors:
    .facetPosition: 0
  [0xc3bbd2d7]:
    .selectors:
    .facetPosition: 0
  [0xe81e0ba1]:
    .selectors:
    .facetPosition: 0
  [0xfacd743b]:
    .selectors:
    .facetPosition: 0
  [0x9cd939e4]:
    .selectors:
    .facetPosition: 0
  [0x56142d7a]:
    .selectors:
    .facetPosition: 0
  [0xb22dd78e]:
    .selectors:
    .facetPosition: 0
  [0x74f4d30d]:
    .selectors:
    .facetPosition: 0
  [0x12f43dab]:
    .selectors:
    .facetPosition: 0
  [0x6c0960f9]:
    .selectors:
    .facetPosition: 0
  [0xb473318e]:
    .selectors:
    .facetPosition: 0
  [0x042901c7]:
    .selectors:
    .facetPosition: 0
  [0x263b7f8e]:
    .selectors:
    .facetPosition: 0
  [0xe4948f43]:
    .selectors:
    .facetPosition: 0
  [0xeb672419]:
    .selectors:
    .facetPosition: 0
  [0xc924de35]:
    .selectors:
    .facetPosition: 0
  [0x701f58c5]:
    .selectors:
    .facetPosition: 0
  [0x6edd4f12]:
    .selectors:
    .facetPosition: 0
  [0xc3d93e7c]:
    .selectors:
    .facetPosition: 0
  [0x6f497ac6]:
    .selectors:
    .facetPosition: 0
  [0x7f61885c]:
    .selectors:
    .facetPosition: 0
  [0xc37533bb]:
    .selectors:
    .facetPosition: 0
  [0x97c09d34]:
    .selectors:
    .facetPosition: 0
  [0x0f23da43]:
    .selectors:
    .facetPosition: 0

after:
  [0x0e18b681]:
    .selectors:
    .facetPosition: 0
  [0x64bf8d66]:
    .selectors:
    .facetPosition: 0
  [0xa9f6d941]:
    .selectors:
    .facetPosition: 0
  [0x27ae4c16]:
    .selectors:
    .facetPosition: 0
  [0x4dd18bf5]:
    .selectors:
    .facetPosition: 0
  [0x1cc5d103]:
    .selectors:
    .facetPosition: 0
  [0xbe6f11cf]:
    .selectors:
    .facetPosition: 0
  [0xe76db865]:
    .selectors:
    .facetPosition: 0
  [0x235d9eb5]:
    .selectors:
    .facetPosition: 0
  [0x21f603d7]:
    .selectors:
    .facetPosition: 0
  [0x4623c91d]:
    .selectors:
    .facetPosition: 0
  [0x17338945]:
    .selectors:
    .facetPosition: 0
  [0xfc57565f]:
    .selectors:
    .facetPosition: 0
  [0x1de72e34]:
    .selectors:
    .facetPosition: 0
  [0xea6c029c]:
    .selectors:
    .facetPosition: 0
  [0xcdffacc6]:
    .selectors:
    .facetPosition: 0
  [0x52ef6b2c]:
    .selectors:
    .facetPosition: 0
  [0xadfca15e]:
    .selectors:
    .facetPosition: 0
  [0x7a0ed627]:
    .selectors:
    .facetPosition: 0
  [0x6e9960c3]:
    .selectors:
    .facetPosition: 0
  [0x98acd7a6]:
    .selectors:
    .facetPosition: 0
  [0x086a56f8]:
    .selectors:
    .facetPosition: 0
  [0x3591c1a0]:
    .selectors:
    .facetPosition: 0
  [0x79823c9a]:
    .selectors:
    .facetPosition: 0
  [0xd86970d8]:
    .selectors:
    .facetPosition: 0
  [0xfd791f3c]:
    .selectors:
    .facetPosition: 0
  [0xe5355c75]:
    .selectors:
    .facetPosition: 0
  [0x9d1b5a81]:
    .selectors:
    .facetPosition: 0
  [0x7b30c8da]:
    .selectors:
    .facetPosition: 0
  [0xd0468156]:
    .selectors:
    .facetPosition: 0
  [0x631f4bac]:
    .selectors:
    .facetPosition: 0
  [0x0ec6b0b7]:
    .selectors:
    .facetPosition: 0
  [0x33ce93fe]:
    .selectors:
    .facetPosition: 0
  [0x06d49e5b]:
    .selectors:
    .facetPosition: 0
  [0xf5c1182c]:
    .selectors:
    .facetPosition: 0
  [0x5518c73b]:
    .selectors:
    .facetPosition: 0
  [0xdb1f0bf9]:
    .selectors:
    .facetPosition: 0
  [0xb8c2f66f]:
    .selectors:
    .facetPosition: 0
  [0xef3f0bae]:
    .selectors:
    .facetPosition: 0
  [0xfe26699e]:
    .selectors:
    .facetPosition: 0
  [0x39607382]:
    .selectors:
    .facetPosition: 0
  [0xaf6a2dcd]:
    .selectors:
    .facetPosition: 0
  [0xa1954fc5]:
    .selectors:
    .facetPosition: 0
  [0x46657fe9]:
    .selectors:
    .facetPosition: 0
  [0x18e3a941]:
    .selectors:
    .facetPosition: 0
  [0x29b98c67]:
    .selectors:
    .facetPosition: 0
  [0xbd7c5412]:
    .selectors:
    .facetPosition: 0
  [0xc3bbd2d7]:
    .selectors:
    .facetPosition: 0
  [0xe81e0ba1]:
    .selectors:
    .facetPosition: 0
  [0xfacd743b]:
    .selectors:
    .facetPosition: 0
  [0x9cd939e4]:
    .selectors:
    .facetPosition: 0
  [0x56142d7a]:
    .selectors:
    .facetPosition: 0
  [0xb22dd78e]:
    .selectors:
    .facetPosition: 0
  [0x74f4d30d]:
    .selectors:
    .facetPosition: 0
  [0x12f43dab]:
    .selectors:
    .facetPosition: 0
  [0x6c0960f9]:
    .selectors:
    .facetPosition: 0
  [0xb473318e]:
    .selectors:
    .facetPosition: 0
  [0x042901c7]:
    .selectors:
    .facetPosition: 0
  [0x263b7f8e]:
    .selectors:
    .facetPosition: 0
  [0xe4948f43]:
    .selectors:
    .facetPosition: 0
  [0xeb672419]:
    .selectors:
    .facetPosition: 0
  [0xc924de35]:
    .selectors:
    .facetPosition: 0
  [0x701f58c5]:
    .selectors:
    .facetPosition: 0
  [0x6edd4f12]:
    .selectors:
    .facetPosition: 0
  [0xc3d93e7c]:
    .selectors:
    .facetPosition: 0
  [0x6f497ac6]:
    .selectors:
    .facetPosition: 0
  [0x7f61885c]:
    .selectors:
    .facetPosition: 0
  [0xc37533bb]:
    .selectors:
    .facetPosition: 0
  [0x97c09d34]:
    .selectors:
    .facetPosition: 0
  [0x0f23da43]:
    .selectors:
    .facetPosition: 0
  [0x0e18b681]:
    .selectors:
    .facetPosition: 0
  [0x64bf8d66]:
    .selectors:
    .facetPosition: 0
  [0xa9f6d941]:
    .selectors:
    .facetPosition: 0
  [0x27ae4c16]:
    .selectors:
    .facetPosition: 0
  [0x4dd18bf5]:
    .selectors:
    .facetPosition: 0
  [0x1cc5d103]:
    .selectors:
    .facetPosition: 0
  [0xbe6f11cf]:
    .selectors:
    .facetPosition: 0
  [0xe76db865]:
    .selectors:
    .facetPosition: 0
  [0x235d9eb5]:
    .selectors:
    .facetPosition: 0
  [0x21f603d7]:
    .selectors:
    .facetPosition: 0
  [0x4623c91d]:
    .selectors:
    .facetPosition: 0
  [0x17338945]:
    .selectors:
    .facetPosition: 0
  [0xfc57565f]:
    .selectors:
    .facetPosition: 0
  [0x1de72e34]:
    .selectors:
    .facetPosition: 0
  [0xea6c029c]:
    .selectors:
    .facetPosition: 0
  [0xcdffacc6]:
    .selectors:
    .facetPosition: 0
  [0x52ef6b2c]:
    .selectors:
    .facetPosition: 0
  [0xadfca15e]:
    .selectors:
    .facetPosition: 0
  [0x7a0ed627]:
    .selectors:
    .facetPosition: 0
  [0x6e9960c3]:
    .selectors:
    .facetPosition: 0
  [0x98acd7a6]:
    .selectors:
    .facetPosition: 0
  [0x086a56f8]:
    .selectors:
    .facetPosition: 0
  [0x3591c1a0]:
    .selectors:
    .facetPosition: 0
  [0x79823c9a]:
    .selectors:
    .facetPosition: 0
  [0xd86970d8]:
    .selectors:
    .facetPosition: 0
  [0xfd791f3c]:
    .selectors:
    .facetPosition: 0
  [0xe5355c75]:
    .selectors:
    .facetPosition: 0
  [0x9d1b5a81]:
    .selectors:
    .facetPosition: 0
  [0x7b30c8da]:
    .selectors:
    .facetPosition: 0
  [0xd0468156]:
    .selectors:
    .facetPosition: 0
  [0x631f4bac]:
    .selectors:
    .facetPosition: 0
  [0x0ec6b0b7]:
    .selectors:
    .facetPosition: 0
  [0x33ce93fe]:
    .selectors:
    .facetPosition: 0
  [0x06d49e5b]:
    .selectors:
    .facetPosition: 0
  [0xf5c1182c]:
    .selectors:
    .facetPosition: 0
  [0x5518c73b]:
    .selectors:
    .facetPosition: 0
  [0xdb1f0bf9]:
    .selectors:
    .facetPosition: 0
  [0xb8c2f66f]:
    .selectors:
    .facetPosition: 0
  [0xef3f0bae]:
    .selectors:
    .facetPosition: 0
  [0xfe26699e]:
    .selectors:
    .facetPosition: 0
  [0x39607382]:
    .selectors:
    .facetPosition: 0
  [0xaf6a2dcd]:
    .selectors:
    .facetPosition: 0
  [0xa1954fc5]:
    .selectors:
    .facetPosition: 0
  [0x46657fe9]:
    .selectors:
    .facetPosition: 0
  [0x18e3a941]:
    .selectors:
    .facetPosition: 0
  [0x29b98c67]:
    .selectors:
    .facetPosition: 0
  [0xbd7c5412]:
    .selectors:
    .facetPosition: 0
  [0xc3bbd2d7]:
    .selectors:
    .facetPosition: 0
  [0xe81e0ba1]:
    .selectors:
    .facetPosition: 0
  [0xfacd743b]:
    .selectors:
    .facetPosition: 0
  [0x9cd939e4]:
    .selectors:
    .facetPosition: 0
  [0x56142d7a]:
    .selectors:
    .facetPosition: 0
  [0xb22dd78e]:
    .selectors:
    .facetPosition: 0
  [0x74f4d30d]:
    .selectors:
    .facetPosition: 0
  [0x12f43dab]:
    .selectors:
    .facetPosition: 0
  [0x6c0960f9]:
    .selectors:
    .facetPosition: 0
  [0xb473318e]:
    .selectors:
    .facetPosition: 0
  [0x042901c7]:
    .selectors:
    .facetPosition: 0
  [0x263b7f8e]:
    .selectors:
    .facetPosition: 0
  [0xe4948f43]:
    .selectors:
    .facetPosition: 0
  [0xeb672419]:
    .selectors:
    .facetPosition: 0
  [0xc924de35]:
    .selectors:
    .facetPosition: 0
  [0x701f58c5]:
    .selectors:
    .facetPosition: 0
  [0x6edd4f12]:
    .selectors:
    .facetPosition: 0
  [0xc3d93e7c]:
    .selectors:
    .facetPosition: 0
  [0x6f497ac6]:
    .selectors:
    .facetPosition: 0
  [0x7f61885c]:
    .selectors:
    .facetPosition: 0
  [0xc37533bb]:
    .selectors:
    .facetPosition: 0
  [0x97c09d34]:
    .selectors:
    .facetPosition: 0
  [0x0f23da43]:
    .selectors:
    .facetPosition: 0
  [0x0e18b681]:
    .selectors:
    .facetPosition: 0
  [0x64bf8d66]:
    .selectors:
    .facetPosition: 0
  [0xa9f6d941]:
    .selectors:
    .facetPosition: 0
  [0x27ae4c16]:
    .selectors:
    .facetPosition: 0
  [0x4dd18bf5]:
    .selectors:
    .facetPosition: 0
  [0x1cc5d103]:
    .selectors:
    .facetPosition: 0
  [0xbe6f11cf]:
    .selectors:
    .facetPosition: 0
  [0xe76db865]:
    .selectors:
    .facetPosition: 0
  [0x235d9eb5]:
    .selectors:
    .facetPosition: 0
  [0x21f603d7]:
    .selectors:
    .facetPosition: 0
  [0x4623c91d]:
    .selectors:
    .facetPosition: 0
  [0x17338945]:
    .selectors:
    .facetPosition: 0
  [0xfc57565f]:
    .selectors:
    .facetPosition: 0
  [0x1de72e34]:
    .selectors:
    .facetPosition: 0
  [0xea6c029c]:
    .selectors:
    .facetPosition: 0
  [0xcdffacc6]:
    .selectors:
    .facetPosition: 0
  [0x52ef6b2c]:
    .selectors:
    .facetPosition: 0
  [0xadfca15e]:
    .selectors:
    .facetPosition: 0
  [0x7a0ed627]:
    .selectors:
    .facetPosition: 0
  [0x6e9960c3]:
    .selectors:
    .facetPosition: 0
  [0x98acd7a6]:
    .selectors:
    .facetPosition: 0
  [0x086a56f8]:
    .selectors:
    .facetPosition: 0
  [0x3591c1a0]:
    .selectors:
    .facetPosition: 0
  [0x79823c9a]:
    .selectors:
    .facetPosition: 0
  [0xd86970d8]:
    .selectors:
    .facetPosition: 0
  [0xfd791f3c]:
    .selectors:
    .facetPosition: 0
  [0xe5355c75]:
    .selectors:
    .facetPosition: 0
  [0x9d1b5a81]:
    .selectors:
    .facetPosition: 0
  [0x7b30c8da]:
    .selectors:
    .facetPosition: 0
  [0xd0468156]:
    .selectors:
    .facetPosition: 0
  [0x631f4bac]:
    .selectors:
    .facetPosition: 0
  [0x0ec6b0b7]:
    .selectors:
    .facetPosition: 0
  [0x33ce93fe]:
    .selectors:
    .facetPosition: 0
  [0x06d49e5b]:
    .selectors:
    .facetPosition: 0
  [0x5518c73b]:
    .selectors:
    .facetPosition: 0
  [0xdb1f0bf9]:
    .selectors:
    .facetPosition: 0
  [0xb8c2f66f]:
    .selectors:
    .facetPosition: 0
  [0xef3f0bae]:
    .selectors:
    .facetPosition: 0
  [0xfe26699e]:
    .selectors:
    .facetPosition: 0
  [0x39607382]:
    .selectors:
    .facetPosition: 0
  [0xaf6a2dcd]:
    .selectors:
    .facetPosition: 0
  [0xa1954fc5]:
    .selectors:
    .facetPosition: 0
  [0x46657fe9]:
    .selectors:
    .facetPosition: 0
  [0x18e3a941]:
    .selectors:
    .facetPosition: 0
  [0x29b98c67]:
    .selectors:
    .facetPosition: 0
  [0xbd7c5412]:
    .selectors:
    .facetPosition: 0
  [0xc3bbd2d7]:
    .selectors:
    .facetPosition: 0
  [0xe81e0ba1]:
    .selectors:
    .facetPosition: 0
  [0xfacd743b]:
    .selectors:
    .facetPosition: 0
  [0x9cd939e4]:
    .selectors:
    .facetPosition: 0
  [0x56142d7a]:
    .selectors:
    .facetPosition: 0
  [0xb22dd78e]:
    .selectors:
    .facetPosition: 0
  [0x74f4d30d]:
    .selectors:
    .facetPosition: 0
  [0x12f43dab]:
    .selectors:
    .facetPosition: 0
  [0x6c0960f9]:
    .selectors:
    .facetPosition: 0
  [0xb473318e]:
    .selectors:
    .facetPosition: 0
  [0x042901c7]:
    .selectors:
    .facetPosition: 0
  [0x263b7f8e]:
    .selectors:
    .facetPosition: 0
  [0xe4948f43]:
    .selectors:
    .facetPosition: 0
  [0xeb672419]:
    .selectors:
    .facetPosition: 0
  [0xc924de35]:
    .selectors:
    .facetPosition: 0
  [0x701f58c5]:
    .selectors:
    .facetPosition: 0
  [0x6edd4f12]:
    .selectors:
    .facetPosition: 0
  [0xc3d93e7c]:
    .selectors:
    .facetPosition: 0
  [0x6f497ac6]:
    .selectors:
    .facetPosition: 0
  [0x7f61885c]:
    .selectors:
    .facetPosition: 0
  [0xc37533bb]:
    .selectors:
    .facetPosition: 0
  [0x97c09d34]:
    .selectors:
    .facetPosition: 0
  [0x0f23da43]:
    .selectors:
    .facetPosition: 0
--------------------------
--------------------------
name: DiamondStorage.facets
description: The array of all unique facet addresses that belong to the diamond proxy

before:
  - 0xf6f26b416ce7ae5e5fe224be332c7ae4e1f3450a
  - 0xe60e94fccb18a81d501a38959e532c0a85a1be89
  - 0xcdb6228b616eef8df47d69a372c4f725c43e718c
  - 0xad193ade635576d8e9f7ada71af2137b16c64075

after:
  - 0x342a09385e9bad4ad32a6220765a6c333552e565
  - 0x345c6ca2f3e08445614f4299001418f125ad330a
  - 0x7814399116c17f2750ca99cbfd2b75ba9a0793d7
  - 0x1a451d9bfbd176321966e9bc540596ca9d39b4b1
--------------------------
"
`;
